2025-09-12 18:45:04,517 [Worker-6: Loading available Gradle versions] INFO  o.e.b.c.i.u.g.PublishedGradleVersions - Gradle version information cache is out-of-date. Trying to update.
2025-09-12 18:45:05,069 [Worker-6: Loading available Gradle versions] INFO  o.e.b.c.i.u.g.PublishedGradleVersions - Updating Gradle version information cache failed. Using outdated cache.
2025-09-12 20:33:35,597 [Worker-46: Importing Maven projects] INFO  o.e.m.c.i.l.LifecycleMappingFactory - Using org.eclipse.m2e.jdt.JarLifecycleMapping lifecycle mapping for MavenProject: com.springboot-practice:Spring:0.0.1-SNAPSHOT @ C:\Users\kisho\OneDrive\Desktop\SpringPractice\Spring\pom.xml.
2025-09-12 20:33:37,438 [Worker-46: Importing Maven projects] INFO  o.e.m.j.i.AbstractJavaProjectConfigurator - Adding source folder /Spring/src/main/java
2025-09-12 20:33:37,441 [Worker-46: Importing Maven projects] INFO  o.e.m.j.i.AbstractJavaProjectConfigurator - Adding resource folder /Spring/src/main/resources
2025-09-12 20:33:37,448 [Worker-46: Importing Maven projects] INFO  o.e.m.j.i.AbstractJavaProjectConfigurator - Adding resource folder /Spring/src/main/resources
2025-09-12 20:33:37,456 [Worker-46: Importing Maven projects] INFO  o.e.m.j.i.AbstractJavaProjectConfigurator - Adding source folder /Spring/src/test/java
2025-09-12 20:33:37,458 [Worker-46: Importing Maven projects] INFO  o.e.m.j.i.AbstractJavaProjectConfigurator - Adding resource folder /Spring/src/test/resources
2025-09-12 20:33:38,284 [Worker-46: Importing Maven projects] INFO  o.e.m.c.i.p.ProjectConfigurationManager - Imported and configured 1 project(s) in 5 sec
2025-09-12 20:33:38,423 [Worker-48: Updating Maven Project] INFO  o.e.m.c.i.p.ProjectConfigurationManager - Update started
2025-09-12 20:33:39,285 [Worker-48: Updating Maven Project] INFO  o.e.m.c.i.l.LifecycleMappingFactory - Using org.eclipse.m2e.jdt.JarLifecycleMapping lifecycle mapping for MavenProject: com.springboot-practice:Spring:0.0.1-SNAPSHOT @ C:\Users\kisho\OneDrive\Desktop\SpringPractice\Spring\pom.xml.
2025-09-12 20:33:40,289 [Worker-48: Updating Maven Project] INFO  o.e.m.j.i.AbstractJavaProjectConfigurator - Adding source folder /Spring/src/main/java
2025-09-12 20:33:40,290 [Worker-48: Updating Maven Project] INFO  o.e.m.j.i.AbstractJavaProjectConfigurator - Adding resource folder /Spring/src/main/resources
2025-09-12 20:33:40,291 [Worker-48: Updating Maven Project] INFO  o.e.m.j.i.AbstractJavaProjectConfigurator - Adding resource folder /Spring/src/main/resources
2025-09-12 20:33:40,291 [Worker-48: Updating Maven Project] INFO  o.e.m.j.i.AbstractJavaProjectConfigurator - Adding source folder /Spring/src/test/java
2025-09-12 20:33:40,293 [Worker-48: Updating Maven Project] INFO  o.e.m.j.i.AbstractJavaProjectConfigurator - Adding resource folder /Spring/src/test/resources
2025-09-12 20:33:40,681 [Worker-48: Updating Maven Project] INFO  o.e.m.c.i.p.ProjectConfigurationManager - Update completed for 1 poms: local refresh takes 0.00 sec, refresh facades takes 1.00 sec, update config takes 0.00 sec 
2025-09-12 20:33:41,664 [Worker-51: Building] INFO  o.a.m.s.f.DefaultMavenResourcesFiltering - Copying 1 resource from src\main\resources to target\classes
2025-09-12 20:33:41,694 [Worker-51: Building] INFO  o.a.m.s.f.DefaultMavenResourcesFiltering - Copying 0 resource from src\main\resources to target\classes
2025-09-12 20:33:41,702 [Worker-51: Building] INFO  o.a.m.s.f.DefaultMavenResourcesFiltering - skip non existing resourceDirectory C:\Users\kisho\OneDrive\Desktop\SpringPractice\Spring\src\test\resources
2025-09-13 21:18:20,213 [Worker-7: Loading available Gradle versions] INFO  o.e.b.c.i.u.g.PublishedGradleVersions - Gradle version information cache is out-of-date. Trying to update.
2025-09-13 22:08:11,100 [Worker-38: Building] INFO  o.a.m.s.f.DefaultMavenResourcesFiltering - Copying 1 resource from src\main\resources to target\classes
2025-09-13 22:08:11,154 [Worker-38: Building] INFO  o.a.m.s.f.DefaultMavenResourcesFiltering - Copying 0 resource from src\main\resources to target\classes
2025-09-13 22:08:11,161 [Worker-38: Building] INFO  o.a.m.s.f.DefaultMavenResourcesFiltering - skip non existing resourceDirectory C:\Users\kisho\OneDrive\Desktop\SpringPractice\Spring\src\test\resources
2025-09-13 22:30:14,324 [Worker-28: Building] INFO  o.a.m.s.f.DefaultMavenResourcesFiltering - Copying 1 resource from src\main\resources to target\classes
2025-09-13 22:30:14,344 [Worker-28: Building] INFO  o.a.m.s.f.DefaultMavenResourcesFiltering - Copying 0 resource from src\main\resources to target\classes
2025-09-13 22:30:14,350 [Worker-28: Building] INFO  o.a.m.s.f.DefaultMavenResourcesFiltering - skip non existing resourceDirectory C:\Users\kisho\OneDrive\Desktop\SpringPractice\Spring\src\test\resources
2025-09-19 13:14:53,785 [Worker-5: Loading available Gradle versions] INFO  o.e.b.c.i.u.g.PublishedGradleVersions - Gradle version information cache is up-to-date. Trying to read.
2025-09-19 13:58:05,651 [Worker-37: Building] INFO  o.a.m.s.f.DefaultMavenResourcesFiltering - Copying 1 resource from src\main\resources to target\classes
2025-09-19 13:58:05,700 [Worker-37: Building] INFO  o.a.m.s.f.DefaultMavenResourcesFiltering - Copying 0 resource from src\main\resources to target\classes
2025-09-19 13:58:05,718 [Worker-37: Building] INFO  o.a.m.s.f.DefaultMavenResourcesFiltering - skip non existing resourceDirectory C:\Users\kisho\OneDrive\Desktop\SpringPractice\Spring\src\test\resources
2025-09-19 14:11:40,564 [Worker-49: Building] INFO  o.e.m.c.i.l.LifecycleMappingFactory - Using org.eclipse.m2e.jdt.JarLifecycleMapping lifecycle mapping for MavenProject: com.springboot-practice:Spring:0.0.1-SNAPSHOT @ C:\Users\kisho\OneDrive\Desktop\SpringPractice\Spring\pom.xml.
2025-09-19 14:11:41,600 [Worker-49: Building] INFO  o.a.m.s.f.DefaultMavenResourcesFiltering - Copying 0 resource from src\main\resources to target\classes
2025-09-19 14:11:41,607 [Worker-49: Building] INFO  o.a.m.s.f.DefaultMavenResourcesFiltering - Copying 0 resource from src\main\resources to target\classes
2025-09-19 14:11:41,612 [Worker-49: Building] INFO  o.a.m.s.f.DefaultMavenResourcesFiltering - skip non existing resourceDirectory C:\Users\kisho\OneDrive\Desktop\SpringPractice\Spring\src\test\resources
2025-09-19 14:11:42,847 [Worker-48: Building] INFO  o.a.m.s.f.DefaultMavenResourcesFiltering - Copying 1 resource from src\main\resources to target\classes
2025-09-19 14:11:42,870 [Worker-48: Building] INFO  o.a.m.s.f.DefaultMavenResourcesFiltering - Copying 0 resource from src\main\resources to target\classes
2025-09-19 14:11:42,874 [Worker-48: Building] INFO  o.a.m.s.f.DefaultMavenResourcesFiltering - skip non existing resourceDirectory C:\Users\kisho\OneDrive\Desktop\SpringPractice\Spring\src\test\resources
2025-09-19 14:11:56,131 [Worker-50: Building] INFO  o.a.m.s.f.DefaultMavenResourcesFiltering - Copying 1 resource from src\main\resources to target\classes
2025-09-19 14:11:56,141 [Worker-50: Building] INFO  o.a.m.s.f.DefaultMavenResourcesFiltering - Copying 0 resource from src\main\resources to target\classes
2025-09-19 14:11:56,145 [Worker-50: Building] INFO  o.a.m.s.f.DefaultMavenResourcesFiltering - skip non existing resourceDirectory C:\Users\kisho\OneDrive\Desktop\SpringPractice\Spring\src\test\resources
2025-09-19 14:16:16,843 [Worker-48: Building] INFO  o.a.m.s.f.DefaultMavenResourcesFiltering - Copying 1 resource from src\main\resources to target\classes
2025-09-19 14:16:16,859 [Worker-48: Building] INFO  o.a.m.s.f.DefaultMavenResourcesFiltering - Copying 0 resource from src\main\resources to target\classes
2025-09-19 14:16:16,864 [Worker-48: Building] INFO  o.a.m.s.f.DefaultMavenResourcesFiltering - skip non existing resourceDirectory C:\Users\kisho\OneDrive\Desktop\SpringPractice\Spring\src\test\resources
2025-09-19 21:12:03,020 [Worker-5: Loading available Gradle versions] INFO  o.e.b.c.i.u.g.PublishedGradleVersions - Gradle version information cache is up-to-date. Trying to read.
2025-09-19 21:12:14,884 [Worker-4: Launching Application] INFO  o.a.m.s.f.DefaultMavenResourcesFiltering - Copying 1 resource from src\main\resources to target\classes
2025-09-19 21:12:14,907 [Worker-4: Launching Application] INFO  o.a.m.s.f.DefaultMavenResourcesFiltering - Copying 0 resource from src\main\resources to target\classes
2025-09-19 21:12:14,914 [Worker-4: Launching Application] INFO  o.a.m.s.f.DefaultMavenResourcesFiltering - skip non existing resourceDirectory C:\Users\kisho\OneDrive\Desktop\SpringPractice\Spring\src\test\resources
2025-09-19 21:29:51,160 [Worker-40: Building] INFO  o.e.m.c.i.l.LifecycleMappingFactory - Using org.eclipse.m2e.jdt.JarLifecycleMapping lifecycle mapping for MavenProject: com.springboot-practice:Spring:0.0.1-SNAPSHOT @ C:\Users\kisho\OneDrive\Desktop\SpringPractice\Spring\pom.xml.
2025-09-19 21:29:52,821 [Worker-40: Building] INFO  o.a.m.s.f.DefaultMavenResourcesFiltering - Copying 0 resource from src\main\resources to target\classes
2025-09-19 21:29:52,823 [Worker-40: Building] INFO  o.a.m.s.f.DefaultMavenResourcesFiltering - Copying 0 resource from src\main\resources to target\classes
2025-09-19 21:29:52,828 [Worker-40: Building] INFO  o.a.m.s.f.DefaultMavenResourcesFiltering - skip non existing resourceDirectory C:\Users\kisho\OneDrive\Desktop\SpringPractice\Spring\src\test\resources
2025-09-19 21:29:54,497 [Worker-18: Building] INFO  o.a.m.s.f.DefaultMavenResourcesFiltering - Copying 1 resource from src\main\resources to target\classes
2025-09-19 21:29:54,528 [Worker-18: Building] INFO  o.a.m.s.f.DefaultMavenResourcesFiltering - Copying 0 resource from src\main\resources to target\classes
2025-09-19 21:29:54,535 [Worker-18: Building] INFO  o.a.m.s.f.DefaultMavenResourcesFiltering - skip non existing resourceDirectory C:\Users\kisho\OneDrive\Desktop\SpringPractice\Spring\src\test\resources
2025-09-20 13:23:40,016 [Worker-5: Loading available Gradle versions] INFO  o.e.b.c.i.u.g.PublishedGradleVersions - Gradle version information cache is up-to-date. Trying to read.
2025-09-20 13:25:18,591 [Worker-7: Building] INFO  o.a.m.s.f.DefaultMavenResourcesFiltering - Copying 1 resource from src\main\resources to target\classes
2025-09-20 13:25:18,642 [Worker-7: Building] INFO  o.a.m.s.f.DefaultMavenResourcesFiltering - Copying 0 resource from src\main\resources to target\classes
2025-09-20 13:25:18,661 [Worker-7: Building] INFO  o.a.m.s.f.DefaultMavenResourcesFiltering - skip non existing resourceDirectory C:\Users\kisho\OneDrive\Desktop\SpringPractice\Spring\src\test\resources
2025-09-20 13:25:55,514 [Worker-4: Building] INFO  o.a.m.s.f.DefaultMavenResourcesFiltering - Copying 1 resource from src\main\resources to target\classes
2025-09-20 13:25:55,528 [Worker-4: Building] INFO  o.a.m.s.f.DefaultMavenResourcesFiltering - Copying 0 resource from src\main\resources to target\classes
2025-09-20 13:25:55,535 [Worker-4: Building] INFO  o.a.m.s.f.DefaultMavenResourcesFiltering - skip non existing resourceDirectory C:\Users\kisho\OneDrive\Desktop\SpringPractice\Spring\src\test\resources
2025-09-20 13:27:17,807 [Worker-8: Building] INFO  o.a.m.s.f.DefaultMavenResourcesFiltering - Copying 1 resource from src\main\resources to target\classes
2025-09-20 13:27:17,819 [Worker-8: Building] INFO  o.a.m.s.f.DefaultMavenResourcesFiltering - Copying 0 resource from src\main\resources to target\classes
2025-09-20 13:27:17,826 [Worker-8: Building] INFO  o.a.m.s.f.DefaultMavenResourcesFiltering - skip non existing resourceDirectory C:\Users\kisho\OneDrive\Desktop\SpringPractice\Spring\src\test\resources
2025-09-23 18:42:20,798 [Worker-5: Loading available Gradle versions] INFO  o.e.b.c.i.u.g.PublishedGradleVersions - Gradle version information cache is out-of-date. Trying to update.
2025-09-23 18:46:35,610 [main] INFO  o.e.m2e.actions.ExecutePomAction - Creating new launch configuration
2025-09-23 19:20:55,080 [Worker-29: Building] INFO  o.a.m.s.f.DefaultMavenResourcesFiltering - Copying 1 resource from src\main\resources to target\classes
2025-09-23 19:20:55,109 [Worker-29: Building] INFO  o.a.m.s.f.DefaultMavenResourcesFiltering - Copying 0 resource from src\main\resources to target\classes
2025-09-23 19:20:55,115 [Worker-29: Building] INFO  o.a.m.s.f.DefaultMavenResourcesFiltering - skip non existing resourceDirectory C:\Users\kisho\OneDrive\Desktop\SpringPractice\Spring\src\test\resources
2025-09-23 20:37:09,435 [Worker-36: Building] INFO  o.a.m.s.f.DefaultMavenResourcesFiltering - Copying 1 resource from src\main\resources to target\classes
2025-09-23 20:37:09,452 [Worker-36: Building] INFO  o.a.m.s.f.DefaultMavenResourcesFiltering - Copying 0 resource from src\main\resources to target\classes
2025-09-23 20:37:09,458 [Worker-36: Building] INFO  o.a.m.s.f.DefaultMavenResourcesFiltering - skip non existing resourceDirectory C:\Users\kisho\OneDrive\Desktop\SpringPractice\Spring\src\test\resources
2025-09-23 20:40:22,128 [Worker-39: Building] INFO  o.e.m.c.i.l.LifecycleMappingFactory - Using org.eclipse.m2e.jdt.JarLifecycleMapping lifecycle mapping for MavenProject: com.springboot-practice:Spring:0.0.1-SNAPSHOT @ C:\Users\kisho\OneDrive\Desktop\SpringPractice\Spring\pom.xml.
2025-09-23 20:40:24,252 [Worker-39: Building] INFO  o.e.m.c.i.e.AbstractTransferListenerAdapter - Downloading https://repo.maven.apache.org/maven2/org/springframework/boot/spring-boot-starter-data-jpa/3.4.2/spring-boot-starter-data-jpa-3.4.2.pom
2025-09-23 20:40:24,273 [Worker-39: Building] INFO  o.e.m.c.i.e.AbstractTransferListenerAdapter - Downloaded https://repo.maven.apache.org/maven2/org/springframework/boot/spring-boot-starter-data-jpa/3.4.2/spring-boot-starter-data-jpa-3.4.2.pom
2025-09-23 20:40:24,795 [Worker-39: Building] INFO  o.e.m.c.i.e.AbstractTransferListenerAdapter - Downloading https://repo.maven.apache.org/maven2/org/springframework/boot/spring-boot-starter-data-jpa/3.4.2/spring-boot-starter-data-jpa-3.4.2.jar
2025-09-23 20:40:24,828 [Worker-39: Building] INFO  o.e.m.c.i.e.AbstractTransferListenerAdapter - Downloaded https://repo.maven.apache.org/maven2/org/springframework/boot/spring-boot-starter-data-jpa/3.4.2/spring-boot-starter-data-jpa-3.4.2.jar
2025-09-23 20:40:25,530 [Worker-39: Building] INFO  o.a.m.s.f.DefaultMavenResourcesFiltering - Copying 0 resource from src\main\resources to target\classes
2025-09-23 20:40:25,536 [Worker-39: Building] INFO  o.a.m.s.f.DefaultMavenResourcesFiltering - Copying 0 resource from src\main\resources to target\classes
2025-09-23 20:40:25,544 [Worker-39: Building] INFO  o.a.m.s.f.DefaultMavenResourcesFiltering - skip non existing resourceDirectory C:\Users\kisho\OneDrive\Desktop\SpringPractice\Spring\src\test\resources
2025-09-23 20:40:26,288 [Worker-40: Download sources and javadoc] INFO  o.e.m.c.i.e.AbstractTransferListenerAdapter - Downloading https://repo.maven.apache.org/maven2/org/springframework/boot/spring-boot-starter-data-jpa/3.4.2/spring-boot-starter-data-jpa-3.4.2-sources.jar
2025-09-23 20:40:26,298 [Worker-40: Download sources and javadoc] INFO  o.e.m.c.i.e.AbstractTransferListenerAdapter - Downloaded https://repo.maven.apache.org/maven2/org/springframework/boot/spring-boot-starter-data-jpa/3.4.2/spring-boot-starter-data-jpa-3.4.2-sources.jar
2025-09-23 20:40:26,307 [Worker-40: Download sources and javadoc] INFO  o.e.m.j.internal.DownloadSourcesJob - Downloaded sources for org.springframework.boot:spring-boot-starter-data-jpa:3.4.2
2025-09-23 20:40:27,029 [Worker-36: Building] INFO  o.a.m.s.f.DefaultMavenResourcesFiltering - Copying 1 resource from src\main\resources to target\classes
2025-09-23 20:40:27,053 [Worker-36: Building] INFO  o.a.m.s.f.DefaultMavenResourcesFiltering - Copying 0 resource from src\main\resources to target\classes
2025-09-23 20:40:27,057 [Worker-36: Building] INFO  o.a.m.s.f.DefaultMavenResourcesFiltering - skip non existing resourceDirectory C:\Users\kisho\OneDrive\Desktop\SpringPractice\Spring\src\test\resources
2025-09-23 20:40:28,519 [Worker-36: Building] INFO  o.a.m.s.f.DefaultMavenResourcesFiltering - Copying 1 resource from src\main\resources to target\classes
2025-09-23 20:40:28,531 [Worker-36: Building] INFO  o.a.m.s.f.DefaultMavenResourcesFiltering - Copying 0 resource from src\main\resources to target\classes
2025-09-23 20:40:28,535 [Worker-36: Building] INFO  o.a.m.s.f.DefaultMavenResourcesFiltering - skip non existing resourceDirectory C:\Users\kisho\OneDrive\Desktop\SpringPractice\Spring\src\test\resources
2025-09-23 20:40:59,092 [Worker-39: Building] INFO  o.a.m.s.f.DefaultMavenResourcesFiltering - Copying 1 resource from src\main\resources to target\classes
2025-09-23 20:40:59,106 [Worker-39: Building] INFO  o.a.m.s.f.DefaultMavenResourcesFiltering - Copying 0 resource from src\main\resources to target\classes
2025-09-23 20:40:59,112 [Worker-39: Building] INFO  o.a.m.s.f.DefaultMavenResourcesFiltering - skip non existing resourceDirectory C:\Users\kisho\OneDrive\Desktop\SpringPractice\Spring\src\test\resources
2025-09-23 20:46:40,993 [Worker-5: Loading available Gradle versions] INFO  o.e.b.c.i.u.g.PublishedGradleVersions - Gradle version information cache is up-to-date. Trying to read.
2025-09-23 20:50:38,451 [Worker-23: Building] INFO  o.e.m.c.i.l.LifecycleMappingFactory - Using org.eclipse.m2e.jdt.JarLifecycleMapping lifecycle mapping for MavenProject: com.springboot-practice:Spring:0.0.1-SNAPSHOT @ C:\Users\kisho\OneDrive\Desktop\SpringPractice\Spring\pom.xml.
2025-09-23 20:50:40,073 [Worker-23: Building] INFO  o.a.m.s.f.DefaultMavenResourcesFiltering - Copying 1 resource from src\main\resources to target\classes
2025-09-23 20:50:40,100 [Worker-23: Building] INFO  o.a.m.s.f.DefaultMavenResourcesFiltering - Copying 0 resource from src\main\resources to target\classes
2025-09-23 20:50:40,107 [Worker-23: Building] INFO  o.a.m.s.f.DefaultMavenResourcesFiltering - skip non existing resourceDirectory C:\Users\kisho\OneDrive\Desktop\SpringPractice\Spring\src\test\resources
2025-09-23 20:50:42,587 [Worker-29: Building] INFO  o.a.m.s.f.DefaultMavenResourcesFiltering - Copying 1 resource from src\main\resources to target\classes
2025-09-23 20:50:42,610 [Worker-29: Building] INFO  o.a.m.s.f.DefaultMavenResourcesFiltering - Copying 0 resource from src\main\resources to target\classes
2025-09-23 20:50:42,616 [Worker-29: Building] INFO  o.a.m.s.f.DefaultMavenResourcesFiltering - skip non existing resourceDirectory C:\Users\kisho\OneDrive\Desktop\SpringPractice\Spring\src\test\resources
2025-09-23 20:51:44,880 [Worker-26: Building] INFO  o.a.m.s.f.DefaultMavenResourcesFiltering - Copying 1 resource from src\main\resources to target\classes
2025-09-23 20:51:44,893 [Worker-26: Building] INFO  o.a.m.s.f.DefaultMavenResourcesFiltering - Copying 0 resource from src\main\resources to target\classes
2025-09-23 20:51:44,897 [Worker-26: Building] INFO  o.a.m.s.f.DefaultMavenResourcesFiltering - skip non existing resourceDirectory C:\Users\kisho\OneDrive\Desktop\SpringPractice\Spring\src\test\resources
2025-09-23 20:57:00,846 [Worker-23: Launching Application] INFO  o.a.m.s.f.DefaultMavenResourcesFiltering - Copying 1 resource from src\main\resources to target\classes
2025-09-23 20:57:00,862 [Worker-23: Launching Application] INFO  o.a.m.s.f.DefaultMavenResourcesFiltering - Copying 0 resource from src\main\resources to target\classes
2025-09-23 20:57:00,868 [Worker-23: Launching Application] INFO  o.a.m.s.f.DefaultMavenResourcesFiltering - skip non existing resourceDirectory C:\Users\kisho\OneDrive\Desktop\SpringPractice\Spring\src\test\resources
2025-09-23 21:31:53,484 [Worker-39: Building] INFO  o.a.m.s.f.DefaultMavenResourcesFiltering - Copying 1 resource from src\main\resources to target\classes
2025-09-23 21:31:53,496 [Worker-39: Building] INFO  o.a.m.s.f.DefaultMavenResourcesFiltering - Copying 0 resource from src\main\resources to target\classes
2025-09-23 21:31:53,501 [Worker-39: Building] INFO  o.a.m.s.f.DefaultMavenResourcesFiltering - skip non existing resourceDirectory C:\Users\kisho\OneDrive\Desktop\SpringPractice\Spring\src\test\resources
2025-09-23 21:40:16,812 [Worker-39: Building] INFO  o.a.m.s.f.DefaultMavenResourcesFiltering - Copying 1 resource from src\main\resources to target\classes
2025-09-23 21:40:16,826 [Worker-39: Building] INFO  o.a.m.s.f.DefaultMavenResourcesFiltering - Copying 0 resource from src\main\resources to target\classes
2025-09-23 21:40:16,830 [Worker-39: Building] INFO  o.a.m.s.f.DefaultMavenResourcesFiltering - skip non existing resourceDirectory C:\Users\kisho\OneDrive\Desktop\SpringPractice\Spring\src\test\resources
2025-09-24 17:40:57,323 [Worker-6: Loading available Gradle versions] INFO  o.e.b.c.i.u.g.PublishedGradleVersions - Gradle version information cache is up-to-date. Trying to read.
2025-09-24 17:46:25,435 [Worker-30: Building] INFO  o.a.m.s.f.DefaultMavenResourcesFiltering - Copying 1 resource from src\main\resources to target\classes
2025-09-24 17:46:25,458 [Worker-30: Building] INFO  o.a.m.s.f.DefaultMavenResourcesFiltering - Copying 0 resource from src\main\resources to target\classes
2025-09-24 17:46:25,465 [Worker-30: Building] INFO  o.a.m.s.f.DefaultMavenResourcesFiltering - skip non existing resourceDirectory C:\Users\kisho\OneDrive\Desktop\SpringPractice\Spring\src\test\resources
2025-09-24 17:46:35,933 [Worker-32: Building] INFO  o.a.m.s.f.DefaultMavenResourcesFiltering - Copying 1 resource from src\main\resources to target\classes
2025-09-24 17:46:35,946 [Worker-32: Building] INFO  o.a.m.s.f.DefaultMavenResourcesFiltering - Copying 0 resource from src\main\resources to target\classes
2025-09-24 17:46:35,952 [Worker-32: Building] INFO  o.a.m.s.f.DefaultMavenResourcesFiltering - skip non existing resourceDirectory C:\Users\kisho\OneDrive\Desktop\SpringPractice\Spring\src\test\resources
2025-09-24 18:31:34,063 [Worker-38: Building] INFO  o.a.m.s.f.DefaultMavenResourcesFiltering - Copying 1 resource from src\main\resources to target\classes
2025-09-24 18:31:34,080 [Worker-38: Building] INFO  o.a.m.s.f.DefaultMavenResourcesFiltering - Copying 0 resource from src\main\resources to target\classes
2025-09-24 18:31:34,086 [Worker-38: Building] INFO  o.a.m.s.f.DefaultMavenResourcesFiltering - skip non existing resourceDirectory C:\Users\kisho\OneDrive\Desktop\SpringPractice\Spring\src\test\resources
2025-09-24 18:44:40,179 [Worker-34: Building] INFO  o.a.m.s.f.DefaultMavenResourcesFiltering - Copying 1 resource from src\main\resources to target\classes
2025-09-24 18:44:40,193 [Worker-34: Building] INFO  o.a.m.s.f.DefaultMavenResourcesFiltering - Copying 0 resource from src\main\resources to target\classes
2025-09-24 18:44:40,199 [Worker-34: Building] INFO  o.a.m.s.f.DefaultMavenResourcesFiltering - skip non existing resourceDirectory C:\Users\kisho\OneDrive\Desktop\SpringPractice\Spring\src\test\resources
2025-09-24 18:49:54,856 [Worker-34: Launching Application] INFO  o.a.m.s.f.DefaultMavenResourcesFiltering - Copying 1 resource from src\main\resources to target\classes
2025-09-24 18:49:54,872 [Worker-34: Launching Application] INFO  o.a.m.s.f.DefaultMavenResourcesFiltering - Copying 0 resource from src\main\resources to target\classes
2025-09-24 18:49:54,877 [Worker-34: Launching Application] INFO  o.a.m.s.f.DefaultMavenResourcesFiltering - skip non existing resourceDirectory C:\Users\kisho\OneDrive\Desktop\SpringPractice\Spring\src\test\resources
2025-09-24 19:03:22,050 [Worker-42: Launching Application] INFO  o.a.m.s.f.DefaultMavenResourcesFiltering - Copying 1 resource from src\main\resources to target\classes
2025-09-24 19:03:22,067 [Worker-42: Launching Application] INFO  o.a.m.s.f.DefaultMavenResourcesFiltering - Copying 0 resource from src\main\resources to target\classes
2025-09-24 19:03:22,073 [Worker-42: Launching Application] INFO  o.a.m.s.f.DefaultMavenResourcesFiltering - skip non existing resourceDirectory C:\Users\kisho\OneDrive\Desktop\SpringPractice\Spring\src\test\resources
2025-09-24 20:45:49,747 [Worker-53: Building] INFO  o.a.m.s.f.DefaultMavenResourcesFiltering - Copying 1 resource from src\main\resources to target\classes
2025-09-24 20:45:49,767 [Worker-53: Building] INFO  o.a.m.s.f.DefaultMavenResourcesFiltering - Copying 0 resource from src\main\resources to target\classes
2025-09-24 20:45:49,774 [Worker-53: Building] INFO  o.a.m.s.f.DefaultMavenResourcesFiltering - skip non existing resourceDirectory C:\Users\kisho\OneDrive\Desktop\SpringPractice\Spring\src\test\resources
2025-09-24 20:48:29,057 [Worker-46: Building] INFO  o.a.m.s.f.DefaultMavenResourcesFiltering - Copying 1 resource from src\main\resources to target\classes
2025-09-24 20:48:29,073 [Worker-46: Building] INFO  o.a.m.s.f.DefaultMavenResourcesFiltering - Copying 0 resource from src\main\resources to target\classes
2025-09-24 20:48:29,079 [Worker-46: Building] INFO  o.a.m.s.f.DefaultMavenResourcesFiltering - skip non existing resourceDirectory C:\Users\kisho\OneDrive\Desktop\SpringPractice\Spring\src\test\resources
2025-09-24 20:49:34,351 [Worker-6: Loading available Gradle versions] INFO  o.e.b.c.i.u.g.PublishedGradleVersions - Gradle version information cache is out-of-date. Trying to update.
2025-09-24 20:49:37,637 [Worker-12: Building] INFO  o.a.m.s.f.DefaultMavenResourcesFiltering - Copying 1 resource from src\main\resources to target\classes
2025-09-24 20:49:37,662 [Worker-12: Building] INFO  o.a.m.s.f.DefaultMavenResourcesFiltering - Copying 0 resource from src\main\resources to target\classes
2025-09-24 20:49:37,668 [Worker-12: Building] INFO  o.a.m.s.f.DefaultMavenResourcesFiltering - skip non existing resourceDirectory C:\Users\kisho\OneDrive\Desktop\SpringPractice\Spring\src\test\resources
2025-09-24 20:56:50,307 [Worker-5: Building] INFO  o.a.m.s.f.DefaultMavenResourcesFiltering - Copying 1 resource from src\main\resources to target\classes
2025-09-24 20:56:50,317 [Worker-5: Building] INFO  o.a.m.s.f.DefaultMavenResourcesFiltering - Copying 0 resource from src\main\resources to target\classes
2025-09-24 20:56:50,321 [Worker-5: Building] INFO  o.a.m.s.f.DefaultMavenResourcesFiltering - skip non existing resourceDirectory C:\Users\kisho\OneDrive\Desktop\SpringPractice\Spring\src\test\resources
2025-09-24 20:57:19,747 [Worker-6: Loading available Gradle versions] INFO  o.e.b.c.i.u.g.PublishedGradleVersions - Gradle version information cache is up-to-date. Trying to read.
2025-09-24 21:05:11,108 [Worker-32: Building] INFO  o.a.m.s.f.DefaultMavenResourcesFiltering - Copying 1 resource from src\main\resources to target\classes
2025-09-24 21:05:11,136 [Worker-32: Building] INFO  o.a.m.s.f.DefaultMavenResourcesFiltering - Copying 0 resource from src\main\resources to target\classes
2025-09-24 21:05:11,143 [Worker-32: Building] INFO  o.a.m.s.f.DefaultMavenResourcesFiltering - skip non existing resourceDirectory C:\Users\kisho\OneDrive\Desktop\SpringPractice\Spring\src\test\resources
2025-09-24 21:05:50,552 [Worker-1: Building] INFO  o.a.m.s.f.DefaultMavenResourcesFiltering - Copying 1 resource from src\main\resources to target\classes
2025-09-24 21:05:50,570 [Worker-1: Building] INFO  o.a.m.s.f.DefaultMavenResourcesFiltering - Copying 0 resource from src\main\resources to target\classes
2025-09-24 21:05:50,574 [Worker-1: Building] INFO  o.a.m.s.f.DefaultMavenResourcesFiltering - skip non existing resourceDirectory C:\Users\kisho\OneDrive\Desktop\SpringPractice\Spring\src\test\resources
2025-09-24 21:45:29,964 [Worker-42: Building] INFO  o.a.m.s.f.DefaultMavenResourcesFiltering - Copying 1 resource from src\main\resources to target\classes
2025-09-24 21:45:29,978 [Worker-42: Building] INFO  o.a.m.s.f.DefaultMavenResourcesFiltering - Copying 0 resource from src\main\resources to target\classes
2025-09-24 21:45:29,983 [Worker-42: Building] INFO  o.a.m.s.f.DefaultMavenResourcesFiltering - skip non existing resourceDirectory C:\Users\kisho\OneDrive\Desktop\SpringPractice\Spring\src\test\resources
2025-09-26 19:58:13,342 [Worker-7: Loading available Gradle versions] INFO  o.e.b.c.i.u.g.PublishedGradleVersions - Gradle version information cache is out-of-date. Trying to update.
2025-09-26 19:59:22,011 [Worker-5: Building] INFO  o.a.m.s.f.DefaultMavenResourcesFiltering - Copying 1 resource from src\main\resources to target\classes
2025-09-26 19:59:22,032 [Worker-5: Building] INFO  o.a.m.s.f.DefaultMavenResourcesFiltering - Copying 0 resource from src\main\resources to target\classes
2025-09-26 19:59:22,039 [Worker-5: Building] INFO  o.a.m.s.f.DefaultMavenResourcesFiltering - skip non existing resourceDirectory C:\Users\kisho\OneDrive\Desktop\SpringPractice\Spring\src\test\resources
2025-09-26 19:59:47,134 [Worker-5: Building] INFO  o.a.m.s.f.DefaultMavenResourcesFiltering - Copying 1 resource from src\main\resources to target\classes
2025-09-26 19:59:47,144 [Worker-5: Building] INFO  o.a.m.s.f.DefaultMavenResourcesFiltering - Copying 0 resource from src\main\resources to target\classes
2025-09-26 19:59:47,149 [Worker-5: Building] INFO  o.a.m.s.f.DefaultMavenResourcesFiltering - skip non existing resourceDirectory C:\Users\kisho\OneDrive\Desktop\SpringPractice\Spring\src\test\resources
2025-09-26 20:06:30,296 [Worker-2: Building] INFO  o.a.m.s.f.DefaultMavenResourcesFiltering - Copying 1 resource from src\main\resources to target\classes
2025-09-26 20:06:30,308 [Worker-2: Building] INFO  o.a.m.s.f.DefaultMavenResourcesFiltering - Copying 0 resource from src\main\resources to target\classes
2025-09-26 20:06:30,314 [Worker-2: Building] INFO  o.a.m.s.f.DefaultMavenResourcesFiltering - skip non existing resourceDirectory C:\Users\kisho\OneDrive\Desktop\SpringPractice\Spring\src\test\resources
2025-09-26 20:07:05,868 [Worker-31: Building] INFO  o.a.m.s.f.DefaultMavenResourcesFiltering - Copying 1 resource from src\main\resources to target\classes
2025-09-26 20:07:05,877 [Worker-31: Building] INFO  o.a.m.s.f.DefaultMavenResourcesFiltering - Copying 0 resource from src\main\resources to target\classes
2025-09-26 20:07:05,883 [Worker-31: Building] INFO  o.a.m.s.f.DefaultMavenResourcesFiltering - skip non existing resourceDirectory C:\Users\kisho\OneDrive\Desktop\SpringPractice\Spring\src\test\resources
2025-09-26 22:19:43,141 [Worker-55: Building] INFO  o.a.m.s.f.DefaultMavenResourcesFiltering - Copying 1 resource from src\main\resources to target\classes
2025-09-26 22:19:43,158 [Worker-55: Building] INFO  o.a.m.s.f.DefaultMavenResourcesFiltering - Copying 0 resource from src\main\resources to target\classes
2025-09-26 22:19:43,165 [Worker-55: Building] INFO  o.a.m.s.f.DefaultMavenResourcesFiltering - skip non existing resourceDirectory C:\Users\kisho\OneDrive\Desktop\SpringPractice\Spring\src\test\resources
2025-09-26 22:20:04,761 [Worker-51: Building] INFO  o.a.m.s.f.DefaultMavenResourcesFiltering - Copying 1 resource from src\main\resources to target\classes
2025-09-26 22:20:04,772 [Worker-51: Building] INFO  o.a.m.s.f.DefaultMavenResourcesFiltering - Copying 0 resource from src\main\resources to target\classes
2025-09-26 22:20:04,776 [Worker-51: Building] INFO  o.a.m.s.f.DefaultMavenResourcesFiltering - skip non existing resourceDirectory C:\Users\kisho\OneDrive\Desktop\SpringPractice\Spring\src\test\resources
2025-09-27 10:25:23,870 [Worker-5: Loading available Gradle versions] INFO  o.e.b.c.i.u.g.PublishedGradleVersions - Gradle version information cache is up-to-date. Trying to read.
2025-09-27 10:29:47,003 [Worker-7: Loading available Gradle versions] INFO  o.e.b.c.i.u.g.PublishedGradleVersions - Gradle version information cache is up-to-date. Trying to read.
2025-09-27 10:30:32,843 [Worker-10: Launching Application] INFO  o.a.m.s.f.DefaultMavenResourcesFiltering - Copying 1 resource from src\main\resources to target\classes
2025-09-27 10:30:32,868 [Worker-10: Launching Application] INFO  o.a.m.s.f.DefaultMavenResourcesFiltering - Copying 0 resource from src\main\resources to target\classes
2025-09-27 10:30:32,875 [Worker-10: Launching Application] INFO  o.a.m.s.f.DefaultMavenResourcesFiltering - skip non existing resourceDirectory C:\Users\kisho\OneDrive\Desktop\SpringPractice\Spring\src\test\resources
2025-09-27 10:46:19,157 [Worker-31: Launching Application] INFO  o.a.m.s.f.DefaultMavenResourcesFiltering - Copying 1 resource from src\main\resources to target\classes
2025-09-27 10:46:19,198 [Worker-31: Launching Application] INFO  o.a.m.s.f.DefaultMavenResourcesFiltering - Copying 0 resource from src\main\resources to target\classes
2025-09-27 10:46:19,203 [Worker-31: Launching Application] INFO  o.a.m.s.f.DefaultMavenResourcesFiltering - skip non existing resourceDirectory C:\Users\kisho\OneDrive\Desktop\SpringPractice\Spring\src\test\resources
2025-09-27 10:51:31,024 [Worker-34: Building] INFO  o.e.m.c.i.l.LifecycleMappingFactory - Using org.eclipse.m2e.jdt.JarLifecycleMapping lifecycle mapping for MavenProject: com.springboot-practice:Spring:0.0.1-SNAPSHOT @ C:\Users\kisho\OneDrive\Desktop\SpringPractice\Spring\pom.xml.
2025-09-27 10:51:32,300 [Worker-34: Building] INFO  o.a.m.s.f.DefaultMavenResourcesFiltering - Copying 0 resource from src\main\resources to target\classes
2025-09-27 10:51:32,304 [Worker-34: Building] INFO  o.a.m.s.f.DefaultMavenResourcesFiltering - Copying 0 resource from src\main\resources to target\classes
2025-09-27 10:51:32,311 [Worker-34: Building] INFO  o.a.m.s.f.DefaultMavenResourcesFiltering - skip non existing resourceDirectory C:\Users\kisho\OneDrive\Desktop\SpringPractice\Spring\src\test\resources
2025-09-27 10:51:33,584 [Worker-10: Building] INFO  o.a.m.s.f.DefaultMavenResourcesFiltering - Copying 1 resource from src\main\resources to target\classes
2025-09-27 10:51:33,611 [Worker-10: Building] INFO  o.a.m.s.f.DefaultMavenResourcesFiltering - Copying 0 resource from src\main\resources to target\classes
2025-09-27 10:51:33,614 [Worker-10: Building] INFO  o.a.m.s.f.DefaultMavenResourcesFiltering - skip non existing resourceDirectory C:\Users\kisho\OneDrive\Desktop\SpringPractice\Spring\src\test\resources
2025-09-27 10:56:40,858 [Worker-40: Building] INFO  o.a.m.s.f.DefaultMavenResourcesFiltering - Copying 1 resource from src\main\resources to target\classes
2025-09-27 10:56:40,876 [Worker-40: Building] INFO  o.a.m.s.f.DefaultMavenResourcesFiltering - Copying 0 resource from src\main\resources to target\classes
2025-09-27 10:56:40,883 [Worker-40: Building] INFO  o.a.m.s.f.DefaultMavenResourcesFiltering - skip non existing resourceDirectory C:\Users\kisho\OneDrive\Desktop\SpringPractice\Spring\src\test\resources
2025-09-27 11:00:22,676 [Worker-41: Building] INFO  o.a.m.s.f.DefaultMavenResourcesFiltering - Copying 1 resource from src\main\resources to target\classes
2025-09-27 11:00:22,686 [Worker-41: Building] INFO  o.a.m.s.f.DefaultMavenResourcesFiltering - Copying 0 resource from src\main\resources to target\classes
2025-09-27 11:00:22,689 [Worker-41: Building] INFO  o.a.m.s.f.DefaultMavenResourcesFiltering - skip non existing resourceDirectory C:\Users\kisho\OneDrive\Desktop\SpringPractice\Spring\src\test\resources
2025-09-28 19:10:07,620 [Worker-8: Loading available Gradle versions] INFO  o.e.b.c.i.u.g.PublishedGradleVersions - Gradle version information cache is out-of-date. Trying to update.
2025-09-28 19:12:31,547 [Worker-3: Launching Spring] INFO  o.eclipse.m2e.core.internal.Bundles - getClasspathEntries(Bundle=org.eclipse.m2e.maven.runtime_3.9.900.20240824-1409 [297])
2025-09-28 19:12:31,551 [Worker-3: Launching Spring] INFO  o.eclipse.m2e.core.internal.Bundles - 	Entry: C:\Users\kisho\.p2\pool\plugins\org.eclipse.m2e.maven.runtime_3.9.900.20240824-1409
2025-09-28 19:12:31,552 [Worker-3: Launching Spring] INFO  o.eclipse.m2e.core.internal.Bundles - 	Entry: C:\Users\kisho\.p2\pool\plugins\org.eclipse.m2e.maven.runtime_3.9.900.20240824-1409\jars\aopalliance-1.0.jar
2025-09-28 19:12:31,552 [Worker-3: Launching Spring] INFO  o.eclipse.m2e.core.internal.Bundles - 	Entry: C:\Users\kisho\.p2\pool\plugins\org.eclipse.m2e.maven.runtime_3.9.900.20240824-1409\jars\guice-5.1.0.jar
2025-09-28 19:12:31,552 [Worker-3: Launching Spring] INFO  o.eclipse.m2e.core.internal.Bundles - 	Entry: C:\Users\kisho\.p2\pool\plugins\org.eclipse.m2e.maven.runtime_3.9.900.20240824-1409\jars\httpclient-4.5.14.jar
2025-09-28 19:12:31,552 [Worker-3: Launching Spring] INFO  o.eclipse.m2e.core.internal.Bundles - 	Entry: C:\Users\kisho\.p2\pool\plugins\org.eclipse.m2e.maven.runtime_3.9.900.20240824-1409\jars\httpcore-4.4.16.jar
2025-09-28 19:12:31,553 [Worker-3: Launching Spring] INFO  o.eclipse.m2e.core.internal.Bundles - 	Entry: C:\Users\kisho\.p2\pool\plugins\org.eclipse.m2e.maven.runtime_3.9.900.20240824-1409\jars\jansi-2.4.1.jar
2025-09-28 19:12:31,553 [Worker-3: Launching Spring] INFO  o.eclipse.m2e.core.internal.Bundles - 	Entry: C:\Users\kisho\.p2\pool\plugins\org.eclipse.m2e.maven.runtime_3.9.900.20240824-1409\jars\jcl-over-slf4j-1.7.36.jar
2025-09-28 19:12:31,554 [Worker-3: Launching Spring] INFO  o.eclipse.m2e.core.internal.Bundles - 	Entry: C:\Users\kisho\.p2\pool\plugins\org.eclipse.m2e.maven.runtime_3.9.900.20240824-1409\jars\maven-artifact-3.9.9.jar
2025-09-28 19:12:31,555 [Worker-3: Launching Spring] INFO  o.eclipse.m2e.core.internal.Bundles - 	Entry: C:\Users\kisho\.p2\pool\plugins\org.eclipse.m2e.maven.runtime_3.9.900.20240824-1409\jars\maven-builder-support-3.9.9.jar
2025-09-28 19:12:31,555 [Worker-3: Launching Spring] INFO  o.eclipse.m2e.core.internal.Bundles - 	Entry: C:\Users\kisho\.p2\pool\plugins\org.eclipse.m2e.maven.runtime_3.9.900.20240824-1409\jars\maven-compat-3.9.9.jar
2025-09-28 19:12:31,556 [Worker-3: Launching Spring] INFO  o.eclipse.m2e.core.internal.Bundles - 	Entry: C:\Users\kisho\.p2\pool\plugins\org.eclipse.m2e.maven.runtime_3.9.900.20240824-1409\jars\maven-core-3.9.9.jar
2025-09-28 19:12:31,557 [Worker-3: Launching Spring] INFO  o.eclipse.m2e.core.internal.Bundles - 	Entry: C:\Users\kisho\.p2\pool\plugins\org.eclipse.m2e.maven.runtime_3.9.900.20240824-1409\jars\maven-embedder-3.9.9.jar
2025-09-28 19:12:31,557 [Worker-3: Launching Spring] INFO  o.eclipse.m2e.core.internal.Bundles - 	Entry: C:\Users\kisho\.p2\pool\plugins\org.eclipse.m2e.maven.runtime_3.9.900.20240824-1409\jars\maven-model-3.9.9.jar
2025-09-28 19:12:31,557 [Worker-3: Launching Spring] INFO  o.eclipse.m2e.core.internal.Bundles - 	Entry: C:\Users\kisho\.p2\pool\plugins\org.eclipse.m2e.maven.runtime_3.9.900.20240824-1409\jars\maven-model-builder-3.9.9.jar
2025-09-28 19:12:31,558 [Worker-3: Launching Spring] INFO  o.eclipse.m2e.core.internal.Bundles - 	Entry: C:\Users\kisho\.p2\pool\plugins\org.eclipse.m2e.maven.runtime_3.9.900.20240824-1409\jars\maven-plugin-api-3.9.9.jar
2025-09-28 19:12:31,558 [Worker-3: Launching Spring] INFO  o.eclipse.m2e.core.internal.Bundles - 	Entry: C:\Users\kisho\.p2\pool\plugins\org.eclipse.m2e.maven.runtime_3.9.900.20240824-1409\jars\maven-repository-metadata-3.9.9.jar
2025-09-28 19:12:31,558 [Worker-3: Launching Spring] INFO  o.eclipse.m2e.core.internal.Bundles - 	Entry: C:\Users\kisho\.p2\pool\plugins\org.eclipse.m2e.maven.runtime_3.9.900.20240824-1409\jars\maven-resolver-api-1.9.22.jar
2025-09-28 19:12:31,558 [Worker-3: Launching Spring] INFO  o.eclipse.m2e.core.internal.Bundles - 	Entry: C:\Users\kisho\.p2\pool\plugins\org.eclipse.m2e.maven.runtime_3.9.900.20240824-1409\jars\maven-resolver-connector-basic-1.9.22.jar
2025-09-28 19:12:31,559 [Worker-3: Launching Spring] INFO  o.eclipse.m2e.core.internal.Bundles - 	Entry: C:\Users\kisho\.p2\pool\plugins\org.eclipse.m2e.maven.runtime_3.9.900.20240824-1409\jars\maven-resolver-impl-1.9.22.jar
2025-09-28 19:12:31,559 [Worker-3: Launching Spring] INFO  o.eclipse.m2e.core.internal.Bundles - 	Entry: C:\Users\kisho\.p2\pool\plugins\org.eclipse.m2e.maven.runtime_3.9.900.20240824-1409\jars\maven-resolver-named-locks-1.9.22.jar
2025-09-28 19:12:31,559 [Worker-3: Launching Spring] INFO  o.eclipse.m2e.core.internal.Bundles - 	Entry: C:\Users\kisho\.p2\pool\plugins\org.eclipse.m2e.maven.runtime_3.9.900.20240824-1409\jars\maven-resolver-provider-3.9.9.jar
2025-09-28 19:12:31,559 [Worker-3: Launching Spring] INFO  o.eclipse.m2e.core.internal.Bundles - 	Entry: C:\Users\kisho\.p2\pool\plugins\org.eclipse.m2e.maven.runtime_3.9.900.20240824-1409\jars\maven-resolver-spi-1.9.22.jar
2025-09-28 19:12:31,560 [Worker-3: Launching Spring] INFO  o.eclipse.m2e.core.internal.Bundles - 	Entry: C:\Users\kisho\.p2\pool\plugins\org.eclipse.m2e.maven.runtime_3.9.900.20240824-1409\jars\maven-resolver-transport-file-1.9.22.jar
2025-09-28 19:12:31,560 [Worker-3: Launching Spring] INFO  o.eclipse.m2e.core.internal.Bundles - 	Entry: C:\Users\kisho\.p2\pool\plugins\org.eclipse.m2e.maven.runtime_3.9.900.20240824-1409\jars\maven-resolver-transport-http-1.9.22.jar
2025-09-28 19:12:31,560 [Worker-3: Launching Spring] INFO  o.eclipse.m2e.core.internal.Bundles - 	Entry: C:\Users\kisho\.p2\pool\plugins\org.eclipse.m2e.maven.runtime_3.9.900.20240824-1409\jars\maven-resolver-transport-wagon-1.9.22.jar
2025-09-28 19:12:31,560 [Worker-3: Launching Spring] INFO  o.eclipse.m2e.core.internal.Bundles - 	Entry: C:\Users\kisho\.p2\pool\plugins\org.eclipse.m2e.maven.runtime_3.9.900.20240824-1409\jars\maven-resolver-util-1.9.22.jar
2025-09-28 19:12:31,561 [Worker-3: Launching Spring] INFO  o.eclipse.m2e.core.internal.Bundles - 	Entry: C:\Users\kisho\.p2\pool\plugins\org.eclipse.m2e.maven.runtime_3.9.900.20240824-1409\jars\maven-settings-3.9.9.jar
2025-09-28 19:12:31,561 [Worker-3: Launching Spring] INFO  o.eclipse.m2e.core.internal.Bundles - 	Entry: C:\Users\kisho\.p2\pool\plugins\org.eclipse.m2e.maven.runtime_3.9.900.20240824-1409\jars\maven-settings-builder-3.9.9.jar
2025-09-28 19:12:31,561 [Worker-3: Launching Spring] INFO  o.eclipse.m2e.core.internal.Bundles - 	Entry: C:\Users\kisho\.p2\pool\plugins\org.eclipse.m2e.maven.runtime_3.9.900.20240824-1409\jars\maven-shared-utils-3.4.2.jar
2025-09-28 19:12:31,562 [Worker-3: Launching Spring] INFO  o.eclipse.m2e.core.internal.Bundles - 	Entry: C:\Users\kisho\.p2\pool\plugins\org.eclipse.m2e.maven.runtime_3.9.900.20240824-1409\jars\org.eclipse.sisu.inject-0.9.0.M3.jar
2025-09-28 19:12:31,562 [Worker-3: Launching Spring] INFO  o.eclipse.m2e.core.internal.Bundles - 	Entry: C:\Users\kisho\.p2\pool\plugins\org.eclipse.m2e.maven.runtime_3.9.900.20240824-1409\jars\org.eclipse.sisu.plexus-0.9.0.M3.jar
2025-09-28 19:12:31,562 [Worker-3: Launching Spring] INFO  o.eclipse.m2e.core.internal.Bundles - 	Entry: C:\Users\kisho\.p2\pool\plugins\org.eclipse.m2e.maven.runtime_3.9.900.20240824-1409\jars\plexus-build-api-0.0.7.jar
2025-09-28 19:12:31,562 [Worker-3: Launching Spring] INFO  o.eclipse.m2e.core.internal.Bundles - 	Entry: C:\Users\kisho\.p2\pool\plugins\org.eclipse.m2e.maven.runtime_3.9.900.20240824-1409\jars\plexus-build-api-1.2.0.jar
2025-09-28 19:12:31,562 [Worker-3: Launching Spring] INFO  o.eclipse.m2e.core.internal.Bundles - 	Entry: C:\Users\kisho\.p2\pool\plugins\org.eclipse.m2e.maven.runtime_3.9.900.20240824-1409\jars\plexus-cipher-2.0.jar
2025-09-28 19:12:31,563 [Worker-3: Launching Spring] INFO  o.eclipse.m2e.core.internal.Bundles - 	Entry: C:\Users\kisho\.p2\pool\plugins\org.eclipse.m2e.maven.runtime_3.9.900.20240824-1409\jars\plexus-classworlds-2.8.0.jar
2025-09-28 19:12:31,563 [Worker-3: Launching Spring] INFO  o.eclipse.m2e.core.internal.Bundles - 	Entry: C:\Users\kisho\.p2\pool\plugins\org.eclipse.m2e.maven.runtime_3.9.900.20240824-1409\jars\plexus-component-annotations-2.1.0.jar
2025-09-28 19:12:31,563 [Worker-3: Launching Spring] INFO  o.eclipse.m2e.core.internal.Bundles - 	Entry: C:\Users\kisho\.p2\pool\plugins\org.eclipse.m2e.maven.runtime_3.9.900.20240824-1409\jars\plexus-interpolation-1.27.jar
2025-09-28 19:12:31,563 [Worker-3: Launching Spring] INFO  o.eclipse.m2e.core.internal.Bundles - 	Entry: C:\Users\kisho\.p2\pool\plugins\org.eclipse.m2e.maven.runtime_3.9.900.20240824-1409\jars\plexus-sec-dispatcher-2.0.jar
2025-09-28 19:12:31,563 [Worker-3: Launching Spring] INFO  o.eclipse.m2e.core.internal.Bundles - 	Entry: C:\Users\kisho\.p2\pool\plugins\org.eclipse.m2e.maven.runtime_3.9.900.20240824-1409\jars\plexus-utils-3.5.1.jar
2025-09-28 19:12:31,564 [Worker-3: Launching Spring] INFO  o.eclipse.m2e.core.internal.Bundles - 	Entry: C:\Users\kisho\.p2\pool\plugins\org.eclipse.m2e.maven.runtime_3.9.900.20240824-1409\jars\plexus-xml-3.0.1.jar
2025-09-28 19:12:31,564 [Worker-3: Launching Spring] INFO  o.eclipse.m2e.core.internal.Bundles - 	Entry: C:\Users\kisho\.p2\pool\plugins\org.eclipse.m2e.maven.runtime_3.9.900.20240824-1409\jars\wagon-file-3.5.3.jar
2025-09-28 19:12:31,564 [Worker-3: Launching Spring] INFO  o.eclipse.m2e.core.internal.Bundles - 	Entry: C:\Users\kisho\.p2\pool\plugins\org.eclipse.m2e.maven.runtime_3.9.900.20240824-1409\jars\wagon-http-3.5.3.jar
2025-09-28 19:12:31,565 [Worker-3: Launching Spring] INFO  o.eclipse.m2e.core.internal.Bundles - 	Entry: C:\Users\kisho\.p2\pool\plugins\org.eclipse.m2e.maven.runtime_3.9.900.20240824-1409\jars\wagon-http-shared-3.5.3.jar
2025-09-28 19:12:31,565 [Worker-3: Launching Spring] INFO  o.eclipse.m2e.core.internal.Bundles - 	Entry: C:\Users\kisho\.p2\pool\plugins\org.eclipse.m2e.maven.runtime_3.9.900.20240824-1409\jars\wagon-provider-api-3.5.3.jar
2025-09-28 19:12:31,566 [Worker-3: Launching Spring] INFO  o.eclipse.m2e.core.internal.Bundles - getClasspathEntries(Bundle=com.google.guava_33.3.0.jre [10])
2025-09-28 19:12:31,568 [Worker-3: Launching Spring] INFO  o.eclipse.m2e.core.internal.Bundles - 	Entry: C:\Users\kisho\.p2\pool\plugins\com.google.guava_33.3.0.jre.jar
2025-09-28 19:12:31,568 [Worker-3: Launching Spring] INFO  o.eclipse.m2e.core.internal.Bundles - getClasspathEntries(Bundle=slf4j.api_2.0.16 [519])
2025-09-28 19:12:31,568 [Worker-3: Launching Spring] INFO  o.eclipse.m2e.core.internal.Bundles - 	Entry: C:\Users\kisho\.p2\pool\plugins\slf4j.api_2.0.16.jar
2025-09-28 19:12:31,568 [Worker-3: Launching Spring] INFO  o.eclipse.m2e.core.internal.Bundles - getClasspathEntries(Bundle=jakarta.inject.jakarta.inject-api_1.0.5 [22])
2025-09-28 19:12:31,569 [Worker-3: Launching Spring] INFO  o.eclipse.m2e.core.internal.Bundles - 	Entry: C:\Users\kisho\.p2\pool\plugins\jakarta.inject.jakarta.inject-api_1.0.5.jar
2025-09-28 19:12:31,569 [Worker-3: Launching Spring] INFO  o.eclipse.m2e.core.internal.Bundles - getClasspathEntries(Bundle=jakarta.annotation-api_1.3.5 [20])
2025-09-28 19:12:31,570 [Worker-3: Launching Spring] INFO  o.eclipse.m2e.core.internal.Bundles - 	Entry: C:\Users\kisho\.p2\pool\plugins\jakarta.annotation-api_1.3.5.jar
2025-09-28 19:12:31,570 [Worker-3: Launching Spring] INFO  o.eclipse.m2e.core.internal.Bundles - getClasspathEntries(Bundle=org.apache.commons.cli_1.9.0 [47])
2025-09-28 19:12:31,570 [Worker-3: Launching Spring] INFO  o.eclipse.m2e.core.internal.Bundles - 	Entry: C:\Users\kisho\.p2\pool\plugins\org.apache.commons.cli_1.9.0.jar
2025-09-28 19:12:31,570 [Worker-3: Launching Spring] INFO  o.eclipse.m2e.core.internal.Bundles - getClasspathEntries(Bundle=org.apache.commons.commons-codec_1.16.0 [50])
2025-09-28 19:12:31,570 [Worker-3: Launching Spring] INFO  o.eclipse.m2e.core.internal.Bundles - 	Entry: C:\Users\kisho\.p2\pool\plugins\org.apache.commons.commons-codec_1.16.0.jar
2025-09-28 19:12:31,570 [Worker-3: Launching Spring] INFO  o.eclipse.m2e.core.internal.Bundles - getClasspathEntries(Bundle=com.google.guava.failureaccess_1.0.2 [11])
2025-09-28 19:12:31,571 [Worker-3: Launching Spring] INFO  o.eclipse.m2e.core.internal.Bundles - 	Entry: C:\Users\kisho\.p2\pool\plugins\com.google.guava.failureaccess_1.0.2.jar
2025-09-28 19:12:31,575 [Worker-3: Launching Spring] INFO  o.e.m.i.launch.MavenLaunchDelegate - Run build in "C:\Users\kisho\OneDrive\Desktop\SpringPractice\Spring":
2025-09-28 19:12:31,579 [Worker-3: Launching Spring] INFO  o.e.m.i.launch.MavenLaunchDelegate -  mvn  -B -Dstyle.color=always 
2025-09-28 19:14:23,389 [Worker-31: Building] INFO  o.a.m.s.f.DefaultMavenResourcesFiltering - Copying 1 resource from src\main\resources to target\classes
2025-09-28 19:14:23,417 [Worker-31: Building] INFO  o.a.m.s.f.DefaultMavenResourcesFiltering - Copying 0 resource from src\main\resources to target\classes
2025-09-28 19:14:23,425 [Worker-31: Building] INFO  o.a.m.s.f.DefaultMavenResourcesFiltering - skip non existing resourceDirectory C:\Users\kisho\OneDrive\Desktop\SpringPractice\Spring\src\test\resources
2025-09-28 19:20:27,054 [Worker-6: Building] INFO  o.a.m.s.f.DefaultMavenResourcesFiltering - Copying 1 resource from src\main\resources to target\classes
2025-09-28 19:20:27,069 [Worker-6: Building] INFO  o.a.m.s.f.DefaultMavenResourcesFiltering - Copying 0 resource from src\main\resources to target\classes
2025-09-28 19:20:27,075 [Worker-6: Building] INFO  o.a.m.s.f.DefaultMavenResourcesFiltering - skip non existing resourceDirectory C:\Users\kisho\OneDrive\Desktop\SpringPractice\Spring\src\test\resources
2025-09-28 19:20:30,941 [Worker-32: Launching Spring] INFO  o.eclipse.m2e.core.internal.Bundles - getClasspathEntries(Bundle=org.eclipse.m2e.maven.runtime_3.9.900.20240824-1409 [297])
2025-09-28 19:20:30,942 [Worker-32: Launching Spring] INFO  o.eclipse.m2e.core.internal.Bundles - 	Entry: C:\Users\kisho\.p2\pool\plugins\org.eclipse.m2e.maven.runtime_3.9.900.20240824-1409
2025-09-28 19:20:30,943 [Worker-32: Launching Spring] INFO  o.eclipse.m2e.core.internal.Bundles - 	Entry: C:\Users\kisho\.p2\pool\plugins\org.eclipse.m2e.maven.runtime_3.9.900.20240824-1409\jars\aopalliance-1.0.jar
2025-09-28 19:20:30,944 [Worker-32: Launching Spring] INFO  o.eclipse.m2e.core.internal.Bundles - 	Entry: C:\Users\kisho\.p2\pool\plugins\org.eclipse.m2e.maven.runtime_3.9.900.20240824-1409\jars\guice-5.1.0.jar
2025-09-28 19:20:30,944 [Worker-32: Launching Spring] INFO  o.eclipse.m2e.core.internal.Bundles - 	Entry: C:\Users\kisho\.p2\pool\plugins\org.eclipse.m2e.maven.runtime_3.9.900.20240824-1409\jars\httpclient-4.5.14.jar
2025-09-28 19:20:30,945 [Worker-32: Launching Spring] INFO  o.eclipse.m2e.core.internal.Bundles - 	Entry: C:\Users\kisho\.p2\pool\plugins\org.eclipse.m2e.maven.runtime_3.9.900.20240824-1409\jars\httpcore-4.4.16.jar
2025-09-28 19:20:30,945 [Worker-32: Launching Spring] INFO  o.eclipse.m2e.core.internal.Bundles - 	Entry: C:\Users\kisho\.p2\pool\plugins\org.eclipse.m2e.maven.runtime_3.9.900.20240824-1409\jars\jansi-2.4.1.jar
2025-09-28 19:20:30,945 [Worker-32: Launching Spring] INFO  o.eclipse.m2e.core.internal.Bundles - 	Entry: C:\Users\kisho\.p2\pool\plugins\org.eclipse.m2e.maven.runtime_3.9.900.20240824-1409\jars\jcl-over-slf4j-1.7.36.jar
2025-09-28 19:20:30,945 [Worker-32: Launching Spring] INFO  o.eclipse.m2e.core.internal.Bundles - 	Entry: C:\Users\kisho\.p2\pool\plugins\org.eclipse.m2e.maven.runtime_3.9.900.20240824-1409\jars\maven-artifact-3.9.9.jar
2025-09-28 19:20:30,945 [Worker-32: Launching Spring] INFO  o.eclipse.m2e.core.internal.Bundles - 	Entry: C:\Users\kisho\.p2\pool\plugins\org.eclipse.m2e.maven.runtime_3.9.900.20240824-1409\jars\maven-builder-support-3.9.9.jar
2025-09-28 19:20:30,946 [Worker-32: Launching Spring] INFO  o.eclipse.m2e.core.internal.Bundles - 	Entry: C:\Users\kisho\.p2\pool\plugins\org.eclipse.m2e.maven.runtime_3.9.900.20240824-1409\jars\maven-compat-3.9.9.jar
2025-09-28 19:20:30,946 [Worker-32: Launching Spring] INFO  o.eclipse.m2e.core.internal.Bundles - 	Entry: C:\Users\kisho\.p2\pool\plugins\org.eclipse.m2e.maven.runtime_3.9.900.20240824-1409\jars\maven-core-3.9.9.jar
2025-09-28 19:20:30,946 [Worker-32: Launching Spring] INFO  o.eclipse.m2e.core.internal.Bundles - 	Entry: C:\Users\kisho\.p2\pool\plugins\org.eclipse.m2e.maven.runtime_3.9.900.20240824-1409\jars\maven-embedder-3.9.9.jar
2025-09-28 19:20:30,947 [Worker-32: Launching Spring] INFO  o.eclipse.m2e.core.internal.Bundles - 	Entry: C:\Users\kisho\.p2\pool\plugins\org.eclipse.m2e.maven.runtime_3.9.900.20240824-1409\jars\maven-model-3.9.9.jar
2025-09-28 19:20:30,947 [Worker-32: Launching Spring] INFO  o.eclipse.m2e.core.internal.Bundles - 	Entry: C:\Users\kisho\.p2\pool\plugins\org.eclipse.m2e.maven.runtime_3.9.900.20240824-1409\jars\maven-model-builder-3.9.9.jar
2025-09-28 19:20:30,947 [Worker-32: Launching Spring] INFO  o.eclipse.m2e.core.internal.Bundles - 	Entry: C:\Users\kisho\.p2\pool\plugins\org.eclipse.m2e.maven.runtime_3.9.900.20240824-1409\jars\maven-plugin-api-3.9.9.jar
2025-09-28 19:20:30,947 [Worker-32: Launching Spring] INFO  o.eclipse.m2e.core.internal.Bundles - 	Entry: C:\Users\kisho\.p2\pool\plugins\org.eclipse.m2e.maven.runtime_3.9.900.20240824-1409\jars\maven-repository-metadata-3.9.9.jar
2025-09-28 19:20:30,947 [Worker-32: Launching Spring] INFO  o.eclipse.m2e.core.internal.Bundles - 	Entry: C:\Users\kisho\.p2\pool\plugins\org.eclipse.m2e.maven.runtime_3.9.900.20240824-1409\jars\maven-resolver-api-1.9.22.jar
2025-09-28 19:20:30,947 [Worker-32: Launching Spring] INFO  o.eclipse.m2e.core.internal.Bundles - 	Entry: C:\Users\kisho\.p2\pool\plugins\org.eclipse.m2e.maven.runtime_3.9.900.20240824-1409\jars\maven-resolver-connector-basic-1.9.22.jar
2025-09-28 19:20:30,949 [Worker-32: Launching Spring] INFO  o.eclipse.m2e.core.internal.Bundles - 	Entry: C:\Users\kisho\.p2\pool\plugins\org.eclipse.m2e.maven.runtime_3.9.900.20240824-1409\jars\maven-resolver-impl-1.9.22.jar
2025-09-28 19:20:30,949 [Worker-32: Launching Spring] INFO  o.eclipse.m2e.core.internal.Bundles - 	Entry: C:\Users\kisho\.p2\pool\plugins\org.eclipse.m2e.maven.runtime_3.9.900.20240824-1409\jars\maven-resolver-named-locks-1.9.22.jar
2025-09-28 19:20:30,950 [Worker-32: Launching Spring] INFO  o.eclipse.m2e.core.internal.Bundles - 	Entry: C:\Users\kisho\.p2\pool\plugins\org.eclipse.m2e.maven.runtime_3.9.900.20240824-1409\jars\maven-resolver-provider-3.9.9.jar
2025-09-28 19:20:30,950 [Worker-32: Launching Spring] INFO  o.eclipse.m2e.core.internal.Bundles - 	Entry: C:\Users\kisho\.p2\pool\plugins\org.eclipse.m2e.maven.runtime_3.9.900.20240824-1409\jars\maven-resolver-spi-1.9.22.jar
2025-09-28 19:20:30,951 [Worker-32: Launching Spring] INFO  o.eclipse.m2e.core.internal.Bundles - 	Entry: C:\Users\kisho\.p2\pool\plugins\org.eclipse.m2e.maven.runtime_3.9.900.20240824-1409\jars\maven-resolver-transport-file-1.9.22.jar
2025-09-28 19:20:30,951 [Worker-32: Launching Spring] INFO  o.eclipse.m2e.core.internal.Bundles - 	Entry: C:\Users\kisho\.p2\pool\plugins\org.eclipse.m2e.maven.runtime_3.9.900.20240824-1409\jars\maven-resolver-transport-http-1.9.22.jar
2025-09-28 19:20:30,951 [Worker-32: Launching Spring] INFO  o.eclipse.m2e.core.internal.Bundles - 	Entry: C:\Users\kisho\.p2\pool\plugins\org.eclipse.m2e.maven.runtime_3.9.900.20240824-1409\jars\maven-resolver-transport-wagon-1.9.22.jar
2025-09-28 19:20:30,951 [Worker-32: Launching Spring] INFO  o.eclipse.m2e.core.internal.Bundles - 	Entry: C:\Users\kisho\.p2\pool\plugins\org.eclipse.m2e.maven.runtime_3.9.900.20240824-1409\jars\maven-resolver-util-1.9.22.jar
2025-09-28 19:20:30,951 [Worker-32: Launching Spring] INFO  o.eclipse.m2e.core.internal.Bundles - 	Entry: C:\Users\kisho\.p2\pool\plugins\org.eclipse.m2e.maven.runtime_3.9.900.20240824-1409\jars\maven-settings-3.9.9.jar
2025-09-28 19:20:30,951 [Worker-32: Launching Spring] INFO  o.eclipse.m2e.core.internal.Bundles - 	Entry: C:\Users\kisho\.p2\pool\plugins\org.eclipse.m2e.maven.runtime_3.9.900.20240824-1409\jars\maven-settings-builder-3.9.9.jar
2025-09-28 19:20:30,952 [Worker-32: Launching Spring] INFO  o.eclipse.m2e.core.internal.Bundles - 	Entry: C:\Users\kisho\.p2\pool\plugins\org.eclipse.m2e.maven.runtime_3.9.900.20240824-1409\jars\maven-shared-utils-3.4.2.jar
2025-09-28 19:20:30,952 [Worker-32: Launching Spring] INFO  o.eclipse.m2e.core.internal.Bundles - 	Entry: C:\Users\kisho\.p2\pool\plugins\org.eclipse.m2e.maven.runtime_3.9.900.20240824-1409\jars\org.eclipse.sisu.inject-0.9.0.M3.jar
2025-09-28 19:20:30,952 [Worker-32: Launching Spring] INFO  o.eclipse.m2e.core.internal.Bundles - 	Entry: C:\Users\kisho\.p2\pool\plugins\org.eclipse.m2e.maven.runtime_3.9.900.20240824-1409\jars\org.eclipse.sisu.plexus-0.9.0.M3.jar
2025-09-28 19:20:30,952 [Worker-32: Launching Spring] INFO  o.eclipse.m2e.core.internal.Bundles - 	Entry: C:\Users\kisho\.p2\pool\plugins\org.eclipse.m2e.maven.runtime_3.9.900.20240824-1409\jars\plexus-build-api-0.0.7.jar
2025-09-28 19:20:30,952 [Worker-32: Launching Spring] INFO  o.eclipse.m2e.core.internal.Bundles - 	Entry: C:\Users\kisho\.p2\pool\plugins\org.eclipse.m2e.maven.runtime_3.9.900.20240824-1409\jars\plexus-build-api-1.2.0.jar
2025-09-28 19:20:30,952 [Worker-32: Launching Spring] INFO  o.eclipse.m2e.core.internal.Bundles - 	Entry: C:\Users\kisho\.p2\pool\plugins\org.eclipse.m2e.maven.runtime_3.9.900.20240824-1409\jars\plexus-cipher-2.0.jar
2025-09-28 19:20:30,952 [Worker-32: Launching Spring] INFO  o.eclipse.m2e.core.internal.Bundles - 	Entry: C:\Users\kisho\.p2\pool\plugins\org.eclipse.m2e.maven.runtime_3.9.900.20240824-1409\jars\plexus-classworlds-2.8.0.jar
2025-09-28 19:20:30,953 [Worker-32: Launching Spring] INFO  o.eclipse.m2e.core.internal.Bundles - 	Entry: C:\Users\kisho\.p2\pool\plugins\org.eclipse.m2e.maven.runtime_3.9.900.20240824-1409\jars\plexus-component-annotations-2.1.0.jar
2025-09-28 19:20:30,953 [Worker-32: Launching Spring] INFO  o.eclipse.m2e.core.internal.Bundles - 	Entry: C:\Users\kisho\.p2\pool\plugins\org.eclipse.m2e.maven.runtime_3.9.900.20240824-1409\jars\plexus-interpolation-1.27.jar
2025-09-28 19:20:30,953 [Worker-32: Launching Spring] INFO  o.eclipse.m2e.core.internal.Bundles - 	Entry: C:\Users\kisho\.p2\pool\plugins\org.eclipse.m2e.maven.runtime_3.9.900.20240824-1409\jars\plexus-sec-dispatcher-2.0.jar
2025-09-28 19:20:30,953 [Worker-32: Launching Spring] INFO  o.eclipse.m2e.core.internal.Bundles - 	Entry: C:\Users\kisho\.p2\pool\plugins\org.eclipse.m2e.maven.runtime_3.9.900.20240824-1409\jars\plexus-utils-3.5.1.jar
2025-09-28 19:20:30,954 [Worker-32: Launching Spring] INFO  o.eclipse.m2e.core.internal.Bundles - 	Entry: C:\Users\kisho\.p2\pool\plugins\org.eclipse.m2e.maven.runtime_3.9.900.20240824-1409\jars\plexus-xml-3.0.1.jar
2025-09-28 19:20:30,954 [Worker-32: Launching Spring] INFO  o.eclipse.m2e.core.internal.Bundles - 	Entry: C:\Users\kisho\.p2\pool\plugins\org.eclipse.m2e.maven.runtime_3.9.900.20240824-1409\jars\wagon-file-3.5.3.jar
2025-09-28 19:20:30,954 [Worker-32: Launching Spring] INFO  o.eclipse.m2e.core.internal.Bundles - 	Entry: C:\Users\kisho\.p2\pool\plugins\org.eclipse.m2e.maven.runtime_3.9.900.20240824-1409\jars\wagon-http-3.5.3.jar
2025-09-28 19:20:30,954 [Worker-32: Launching Spring] INFO  o.eclipse.m2e.core.internal.Bundles - 	Entry: C:\Users\kisho\.p2\pool\plugins\org.eclipse.m2e.maven.runtime_3.9.900.20240824-1409\jars\wagon-http-shared-3.5.3.jar
2025-09-28 19:20:30,954 [Worker-32: Launching Spring] INFO  o.eclipse.m2e.core.internal.Bundles - 	Entry: C:\Users\kisho\.p2\pool\plugins\org.eclipse.m2e.maven.runtime_3.9.900.20240824-1409\jars\wagon-provider-api-3.5.3.jar
2025-09-28 19:20:30,955 [Worker-32: Launching Spring] INFO  o.eclipse.m2e.core.internal.Bundles - getClasspathEntries(Bundle=com.google.guava_33.3.0.jre [10])
2025-09-28 19:20:30,955 [Worker-32: Launching Spring] INFO  o.eclipse.m2e.core.internal.Bundles - 	Entry: C:\Users\kisho\.p2\pool\plugins\com.google.guava_33.3.0.jre.jar
2025-09-28 19:20:30,955 [Worker-32: Launching Spring] INFO  o.eclipse.m2e.core.internal.Bundles - getClasspathEntries(Bundle=slf4j.api_2.0.16 [519])
2025-09-28 19:20:30,956 [Worker-32: Launching Spring] INFO  o.eclipse.m2e.core.internal.Bundles - 	Entry: C:\Users\kisho\.p2\pool\plugins\slf4j.api_2.0.16.jar
2025-09-28 19:20:30,956 [Worker-32: Launching Spring] INFO  o.eclipse.m2e.core.internal.Bundles - getClasspathEntries(Bundle=jakarta.inject.jakarta.inject-api_1.0.5 [22])
2025-09-28 19:20:30,957 [Worker-32: Launching Spring] INFO  o.eclipse.m2e.core.internal.Bundles - 	Entry: C:\Users\kisho\.p2\pool\plugins\jakarta.inject.jakarta.inject-api_1.0.5.jar
2025-09-28 19:20:30,957 [Worker-32: Launching Spring] INFO  o.eclipse.m2e.core.internal.Bundles - getClasspathEntries(Bundle=jakarta.annotation-api_1.3.5 [20])
2025-09-28 19:20:30,957 [Worker-32: Launching Spring] INFO  o.eclipse.m2e.core.internal.Bundles - 	Entry: C:\Users\kisho\.p2\pool\plugins\jakarta.annotation-api_1.3.5.jar
2025-09-28 19:20:30,957 [Worker-32: Launching Spring] INFO  o.eclipse.m2e.core.internal.Bundles - getClasspathEntries(Bundle=org.apache.commons.cli_1.9.0 [47])
2025-09-28 19:20:30,957 [Worker-32: Launching Spring] INFO  o.eclipse.m2e.core.internal.Bundles - 	Entry: C:\Users\kisho\.p2\pool\plugins\org.apache.commons.cli_1.9.0.jar
2025-09-28 19:20:30,958 [Worker-32: Launching Spring] INFO  o.eclipse.m2e.core.internal.Bundles - getClasspathEntries(Bundle=org.apache.commons.commons-codec_1.16.0 [50])
2025-09-28 19:20:30,958 [Worker-32: Launching Spring] INFO  o.eclipse.m2e.core.internal.Bundles - 	Entry: C:\Users\kisho\.p2\pool\plugins\org.apache.commons.commons-codec_1.16.0.jar
2025-09-28 19:20:30,959 [Worker-32: Launching Spring] INFO  o.eclipse.m2e.core.internal.Bundles - getClasspathEntries(Bundle=com.google.guava.failureaccess_1.0.2 [11])
2025-09-28 19:20:30,960 [Worker-32: Launching Spring] INFO  o.eclipse.m2e.core.internal.Bundles - 	Entry: C:\Users\kisho\.p2\pool\plugins\com.google.guava.failureaccess_1.0.2.jar
2025-09-28 19:20:30,962 [Worker-32: Launching Spring] INFO  o.e.m.i.launch.MavenLaunchDelegate - Run build in "C:\Users\kisho\OneDrive\Desktop\SpringPractice\Spring":
2025-09-28 19:20:30,963 [Worker-32: Launching Spring] INFO  o.e.m.i.launch.MavenLaunchDelegate -  mvn  -B -Dstyle.color=always 
2025-09-29 12:21:39,026 [Worker-5: Loading available Gradle versions] INFO  o.e.b.c.i.u.g.PublishedGradleVersions - Gradle version information cache is up-to-date. Trying to read.
2025-09-29 14:51:02,846 [Worker-8: Loading available Gradle versions] INFO  o.e.b.c.i.u.g.PublishedGradleVersions - Gradle version information cache is up-to-date. Trying to read.
2025-09-29 14:54:17,407 [Worker-21: Launching Application] INFO  o.a.m.s.f.DefaultMavenResourcesFiltering - Copying 1 resource from src\main\resources to target\classes
2025-09-29 14:54:17,476 [Worker-21: Launching Application] INFO  o.a.m.s.f.DefaultMavenResourcesFiltering - Copying 0 resource from src\main\resources to target\classes
2025-09-29 14:54:17,506 [Worker-21: Launching Application] INFO  o.a.m.s.f.DefaultMavenResourcesFiltering - skip non existing resourceDirectory C:\Users\kisho\OneDrive\Desktop\SpringPractice\Spring\src\test\resources
2025-09-29 14:56:33,621 [Worker-4: Building] INFO  o.a.m.s.f.DefaultMavenResourcesFiltering - Copying 1 resource from src\main\resources to target\classes
2025-09-29 14:56:33,633 [Worker-4: Building] INFO  o.a.m.s.f.DefaultMavenResourcesFiltering - Copying 0 resource from src\main\resources to target\classes
2025-09-29 14:56:33,636 [Worker-4: Building] INFO  o.a.m.s.f.DefaultMavenResourcesFiltering - skip non existing resourceDirectory C:\Users\kisho\OneDrive\Desktop\SpringPractice\Spring\src\test\resources
2025-09-29 15:20:00,482 [Worker-35: Building] INFO  o.a.m.s.f.DefaultMavenResourcesFiltering - Copying 1 resource from src\main\resources to target\classes
2025-09-29 15:20:00,501 [Worker-35: Building] INFO  o.a.m.s.f.DefaultMavenResourcesFiltering - Copying 0 resource from src\main\resources to target\classes
2025-09-29 15:20:00,506 [Worker-35: Building] INFO  o.a.m.s.f.DefaultMavenResourcesFiltering - skip non existing resourceDirectory C:\Users\kisho\OneDrive\Desktop\SpringPractice\Spring\src\test\resources
2025-09-29 15:22:05,475 [Worker-33: Building] INFO  o.a.m.s.f.DefaultMavenResourcesFiltering - Copying 1 resource from src\main\resources to target\classes
2025-09-29 15:22:05,485 [Worker-33: Building] INFO  o.a.m.s.f.DefaultMavenResourcesFiltering - Copying 0 resource from src\main\resources to target\classes
2025-09-29 15:22:05,489 [Worker-33: Building] INFO  o.a.m.s.f.DefaultMavenResourcesFiltering - skip non existing resourceDirectory C:\Users\kisho\OneDrive\Desktop\SpringPractice\Spring\src\test\resources
2025-09-29 21:48:25,814 [Worker-4: Loading available Gradle versions] INFO  o.e.b.c.i.u.g.PublishedGradleVersions - Gradle version information cache is not available. Remote download required.
2025-09-29 21:51:30,027 [Worker-8: Building] INFO  o.a.m.s.f.DefaultMavenResourcesFiltering - Copying 1 resource from src\main\resources to target\classes
2025-09-29 21:51:30,060 [Worker-8: Building] INFO  o.a.m.s.f.DefaultMavenResourcesFiltering - Copying 0 resource from src\main\resources to target\classes
2025-09-29 21:51:30,069 [Worker-8: Building] INFO  o.a.m.s.f.DefaultMavenResourcesFiltering - skip non existing resourceDirectory C:\Users\kisho\OneDrive\Desktop\SpringPractice\Spring\src\test\resources
2025-10-02 16:57:57,827 [Worker-5: Loading available Gradle versions] INFO  o.e.b.c.i.u.g.PublishedGradleVersions - Gradle version information cache is out-of-date. Trying to update.
2025-10-02 17:02:49,797 [Worker-20: Building] INFO  o.e.m.c.i.l.LifecycleMappingFactory - Using org.eclipse.m2e.jdt.JarLifecycleMapping lifecycle mapping for MavenProject: com.springboot-practice:Spring:0.0.1-SNAPSHOT @ C:\Users\kisho\OneDrive\Desktop\SpringPractice\Spring\pom.xml.
2025-10-02 17:02:50,559 [Worker-20: Building] INFO  o.e.m.c.i.e.AbstractTransferListenerAdapter - Downloading https://repo.maven.apache.org/maven2/org/springframework/boot/spring-boot-starter-security/3.4.3/spring-boot-starter-security-3.4.3.pom
2025-10-02 17:02:50,574 [Worker-20: Building] INFO  o.e.m.c.i.e.AbstractTransferListenerAdapter - Downloaded https://repo.maven.apache.org/maven2/org/springframework/boot/spring-boot-starter-security/3.4.3/spring-boot-starter-security-3.4.3.pom
2025-10-02 17:02:50,967 [Worker-20: Building] INFO  o.e.m.c.i.e.AbstractTransferListenerAdapter - Downloading https://repo.maven.apache.org/maven2/org/springframework/boot/spring-boot-starter-security/3.4.3/spring-boot-starter-security-3.4.3.jar
2025-10-02 17:02:50,974 [Worker-20: Building] INFO  o.e.m.c.i.e.AbstractTransferListenerAdapter - Downloaded https://repo.maven.apache.org/maven2/org/springframework/boot/spring-boot-starter-security/3.4.3/spring-boot-starter-security-3.4.3.jar
2025-10-02 17:02:51,528 [Worker-20: Building] INFO  o.a.m.s.f.DefaultMavenResourcesFiltering - Copying 1 resource from src\main\resources to target\classes
2025-10-02 17:02:51,544 [Worker-20: Building] INFO  o.a.m.s.f.DefaultMavenResourcesFiltering - Copying 0 resource from src\main\resources to target\classes
2025-10-02 17:02:51,548 [Worker-20: Building] INFO  o.a.m.s.f.DefaultMavenResourcesFiltering - skip non existing resourceDirectory C:\Users\kisho\OneDrive\Desktop\SpringPractice\Spring\src\test\resources
2025-10-02 17:02:52,675 [Worker-32: Download sources and javadoc] INFO  o.e.m.c.i.e.AbstractTransferListenerAdapter - Downloading https://repo.maven.apache.org/maven2/org/springframework/boot/spring-boot-starter-security/3.4.3/spring-boot-starter-security-3.4.3-sources.jar
2025-10-02 17:02:52,680 [Worker-32: Download sources and javadoc] INFO  o.e.m.c.i.e.AbstractTransferListenerAdapter - Downloaded https://repo.maven.apache.org/maven2/org/springframework/boot/spring-boot-starter-security/3.4.3/spring-boot-starter-security-3.4.3-sources.jar
2025-10-02 17:02:52,685 [Worker-32: Download sources and javadoc] INFO  o.e.m.j.internal.DownloadSourcesJob - Downloaded sources for org.springframework.boot:spring-boot-starter-security:3.4.3
2025-10-02 17:02:53,412 [Worker-4: Building] INFO  o.a.m.s.f.DefaultMavenResourcesFiltering - Copying 1 resource from src\main\resources to target\classes
2025-10-02 17:02:53,422 [Worker-4: Building] INFO  o.a.m.s.f.DefaultMavenResourcesFiltering - Copying 0 resource from src\main\resources to target\classes
2025-10-02 17:02:53,425 [Worker-4: Building] INFO  o.a.m.s.f.DefaultMavenResourcesFiltering - skip non existing resourceDirectory C:\Users\kisho\OneDrive\Desktop\SpringPractice\Spring\src\test\resources
2025-10-02 20:59:51,637 [Worker-50: Building] INFO  o.e.m.c.i.l.LifecycleMappingFactory - Using org.eclipse.m2e.jdt.JarLifecycleMapping lifecycle mapping for MavenProject: com.springboot-practice:Spring:0.0.1-SNAPSHOT @ C:\Users\kisho\OneDrive\Desktop\SpringPractice\Spring\pom.xml.
2025-10-02 20:59:53,042 [Worker-50: Building] INFO  o.a.m.s.f.DefaultMavenResourcesFiltering - Copying 1 resource from src\main\resources to target\classes
2025-10-02 20:59:53,070 [Worker-50: Building] INFO  o.a.m.s.f.DefaultMavenResourcesFiltering - Copying 0 resource from src\main\resources to target\classes
2025-10-02 20:59:53,076 [Worker-50: Building] INFO  o.a.m.s.f.DefaultMavenResourcesFiltering - skip non existing resourceDirectory C:\Users\kisho\OneDrive\Desktop\SpringPractice\Spring\src\test\resources
2025-10-02 21:33:11,228 [Worker-7: Loading available Gradle versions] INFO  o.e.b.c.i.u.g.PublishedGradleVersions - Gradle version information cache is up-to-date. Trying to read.
2025-10-03 09:39:27,918 [Worker-4: Loading available Gradle versions] INFO  o.e.b.c.i.u.g.PublishedGradleVersions - Gradle version information cache is out-of-date. Trying to update.
2025-10-03 09:39:28,428 [Worker-4: Loading available Gradle versions] INFO  o.e.b.c.i.u.g.PublishedGradleVersions - Updating Gradle version information cache failed. Using outdated cache.
2025-10-04 13:37:11,819 [Worker-5: Loading available Gradle versions] INFO  o.e.b.c.i.u.g.PublishedGradleVersions - Gradle version information cache is up-to-date. Trying to read.
2025-10-04 14:53:48,603 [Worker-36: Building] INFO  o.a.m.s.f.DefaultMavenResourcesFiltering - Copying 1 resource from src\main\resources to target\classes
2025-10-04 14:53:48,653 [Worker-36: Building] INFO  o.a.m.s.f.DefaultMavenResourcesFiltering - Copying 0 resource from src\main\resources to target\classes
2025-10-04 14:53:48,662 [Worker-36: Building] INFO  o.a.m.s.f.DefaultMavenResourcesFiltering - skip non existing resourceDirectory C:\Users\kisho\OneDrive\Desktop\SpringPractice\Spring\src\test\resources
2025-10-04 15:20:24,037 [Worker-46: Building] INFO  o.a.m.s.f.DefaultMavenResourcesFiltering - Copying 1 resource from src\main\resources to target\classes
2025-10-04 15:20:24,058 [Worker-46: Building] INFO  o.a.m.s.f.DefaultMavenResourcesFiltering - Copying 0 resource from src\main\resources to target\classes
2025-10-04 15:20:24,064 [Worker-46: Building] INFO  o.a.m.s.f.DefaultMavenResourcesFiltering - skip non existing resourceDirectory C:\Users\kisho\OneDrive\Desktop\SpringPractice\Spring\src\test\resources
2025-10-04 15:33:51,181 [Worker-52: Building] INFO  o.a.m.s.f.DefaultMavenResourcesFiltering - Copying 1 resource from src\main\resources to target\classes
2025-10-04 15:33:51,199 [Worker-52: Building] INFO  o.a.m.s.f.DefaultMavenResourcesFiltering - Copying 0 resource from src\main\resources to target\classes
2025-10-04 15:33:51,206 [Worker-52: Building] INFO  o.a.m.s.f.DefaultMavenResourcesFiltering - skip non existing resourceDirectory C:\Users\kisho\OneDrive\Desktop\SpringPractice\Spring\src\test\resources
2025-10-04 15:34:14,802 [Worker-42: Launching Application] INFO  o.e.m.c.i.l.LifecycleMappingFactory - Using org.eclipse.m2e.jdt.JarLifecycleMapping lifecycle mapping for MavenProject: com.springboot-practice:Spring:0.0.1-SNAPSHOT @ C:\Users\kisho\OneDrive\Desktop\SpringPractice\Spring\pom.xml.
2025-10-04 15:34:16,228 [Worker-42: Launching Application] INFO  o.e.m.c.i.e.AbstractTransferListenerAdapter - Downloading https://repo.maven.apache.org/maven2/org/springframework/boot/spring-boot-starter-security/3.5.0/spring-boot-starter-security-3.5.0.pom
2025-10-04 15:34:16,245 [Worker-42: Launching Application] INFO  o.e.m.c.i.e.AbstractTransferListenerAdapter - Downloaded https://repo.maven.apache.org/maven2/org/springframework/boot/spring-boot-starter-security/3.5.0/spring-boot-starter-security-3.5.0.pom
2025-10-04 15:34:16,708 [Worker-42: Launching Application] INFO  o.e.m.c.i.e.AbstractTransferListenerAdapter - Downloading https://repo.maven.apache.org/maven2/org/springframework/boot/spring-boot-starter-security/3.5.0/spring-boot-starter-security-3.5.0.jar
2025-10-04 15:34:16,717 [Worker-42: Launching Application] INFO  o.e.m.c.i.e.AbstractTransferListenerAdapter - Downloaded https://repo.maven.apache.org/maven2/org/springframework/boot/spring-boot-starter-security/3.5.0/spring-boot-starter-security-3.5.0.jar
2025-10-04 15:34:17,196 [Worker-42: Launching Application] INFO  o.a.m.s.f.DefaultMavenResourcesFiltering - Copying 0 resource from src\main\resources to target\classes
2025-10-04 15:34:17,198 [Worker-42: Launching Application] INFO  o.a.m.s.f.DefaultMavenResourcesFiltering - Copying 0 resource from src\main\resources to target\classes
2025-10-04 15:34:17,204 [Worker-42: Launching Application] INFO  o.a.m.s.f.DefaultMavenResourcesFiltering - skip non existing resourceDirectory C:\Users\kisho\OneDrive\Desktop\SpringPractice\Spring\src\test\resources
2025-10-04 15:34:18,085 [Worker-53: Building] INFO  o.a.m.s.f.DefaultMavenResourcesFiltering - Copying 1 resource from src\main\resources to target\classes
2025-10-04 15:34:18,120 [Worker-53: Building] INFO  o.a.m.s.f.DefaultMavenResourcesFiltering - Copying 0 resource from src\main\resources to target\classes
2025-10-04 15:34:18,126 [Worker-53: Building] INFO  o.a.m.s.f.DefaultMavenResourcesFiltering - skip non existing resourceDirectory C:\Users\kisho\OneDrive\Desktop\SpringPractice\Spring\src\test\resources
2025-10-04 15:34:19,444 [Worker-54: Download sources and javadoc] INFO  o.e.m.c.i.e.AbstractTransferListenerAdapter - Downloading https://repo.maven.apache.org/maven2/org/springframework/boot/spring-boot-starter-security/3.5.0/spring-boot-starter-security-3.5.0-sources.jar
2025-10-04 15:34:19,460 [Worker-54: Download sources and javadoc] INFO  o.e.m.c.i.e.AbstractTransferListenerAdapter - Downloaded https://repo.maven.apache.org/maven2/org/springframework/boot/spring-boot-starter-security/3.5.0/spring-boot-starter-security-3.5.0-sources.jar
2025-10-04 15:34:19,474 [Worker-54: Download sources and javadoc] INFO  o.e.m.j.internal.DownloadSourcesJob - Downloaded sources for org.springframework.boot:spring-boot-starter-security:3.5.0
2025-10-04 15:47:25,317 [Worker-54: Building] INFO  o.a.m.s.f.DefaultMavenResourcesFiltering - Copying 1 resource from src\main\resources to target\classes
2025-10-04 15:47:25,331 [Worker-54: Building] INFO  o.a.m.s.f.DefaultMavenResourcesFiltering - Copying 0 resource from src\main\resources to target\classes
2025-10-04 15:47:25,337 [Worker-54: Building] INFO  o.a.m.s.f.DefaultMavenResourcesFiltering - skip non existing resourceDirectory C:\Users\kisho\OneDrive\Desktop\SpringPractice\Spring\src\test\resources
2025-10-04 15:49:18,788 [Worker-62: Launching Application] INFO  o.a.m.s.f.DefaultMavenResourcesFiltering - Copying 1 resource from src\main\resources to target\classes
2025-10-04 15:49:18,799 [Worker-62: Launching Application] INFO  o.a.m.s.f.DefaultMavenResourcesFiltering - Copying 0 resource from src\main\resources to target\classes
2025-10-04 15:49:18,804 [Worker-62: Launching Application] INFO  o.a.m.s.f.DefaultMavenResourcesFiltering - skip non existing resourceDirectory C:\Users\kisho\OneDrive\Desktop\SpringPractice\Spring\src\test\resources
2025-10-04 16:11:09,850 [Worker-66: Launching Application] INFO  o.a.m.s.f.DefaultMavenResourcesFiltering - Copying 1 resource from src\main\resources to target\classes
2025-10-04 16:11:09,871 [Worker-66: Launching Application] INFO  o.a.m.s.f.DefaultMavenResourcesFiltering - Copying 0 resource from src\main\resources to target\classes
2025-10-04 16:11:09,875 [Worker-66: Launching Application] INFO  o.a.m.s.f.DefaultMavenResourcesFiltering - skip non existing resourceDirectory C:\Users\kisho\OneDrive\Desktop\SpringPractice\Spring\src\test\resources
2025-10-04 16:18:08,769 [Worker-68: Launching Application] INFO  o.a.m.s.f.DefaultMavenResourcesFiltering - Copying 1 resource from src\main\resources to target\classes
2025-10-04 16:18:08,786 [Worker-68: Launching Application] INFO  o.a.m.s.f.DefaultMavenResourcesFiltering - Copying 0 resource from src\main\resources to target\classes
2025-10-04 16:18:08,791 [Worker-68: Launching Application] INFO  o.a.m.s.f.DefaultMavenResourcesFiltering - skip non existing resourceDirectory C:\Users\kisho\OneDrive\Desktop\SpringPractice\Spring\src\test\resources
2025-10-04 16:20:32,326 [Worker-67: Building] INFO  o.a.m.s.f.DefaultMavenResourcesFiltering - Copying 1 resource from src\main\resources to target\classes
2025-10-04 16:20:32,342 [Worker-67: Building] INFO  o.a.m.s.f.DefaultMavenResourcesFiltering - Copying 0 resource from src\main\resources to target\classes
2025-10-04 16:20:32,348 [Worker-67: Building] INFO  o.a.m.s.f.DefaultMavenResourcesFiltering - skip non existing resourceDirectory C:\Users\kisho\OneDrive\Desktop\SpringPractice\Spring\src\test\resources
2025-10-04 18:12:07,375 [Worker-75: Launching Application] INFO  o.a.m.s.f.DefaultMavenResourcesFiltering - Copying 1 resource from src\main\resources to target\classes
2025-10-04 18:12:07,389 [Worker-75: Launching Application] INFO  o.a.m.s.f.DefaultMavenResourcesFiltering - Copying 0 resource from src\main\resources to target\classes
2025-10-04 18:12:07,395 [Worker-75: Launching Application] INFO  o.a.m.s.f.DefaultMavenResourcesFiltering - skip non existing resourceDirectory C:\Users\kisho\OneDrive\Desktop\SpringPractice\Spring\src\test\resources
2025-10-04 18:16:02,475 [Worker-66: Building] INFO  o.e.m.c.i.l.LifecycleMappingFactory - Using org.eclipse.m2e.jdt.JarLifecycleMapping lifecycle mapping for MavenProject: com.springboot-practice:Spring:0.0.1-SNAPSHOT @ C:\Users\kisho\OneDrive\Desktop\SpringPractice\Spring\pom.xml.
2025-10-04 18:16:03,746 [Worker-66: Building] INFO  o.a.m.s.f.DefaultMavenResourcesFiltering - Copying 0 resource from src\main\resources to target\classes
2025-10-04 18:16:03,748 [Worker-66: Building] INFO  o.a.m.s.f.DefaultMavenResourcesFiltering - Copying 0 resource from src\main\resources to target\classes
2025-10-04 18:16:03,755 [Worker-66: Building] INFO  o.a.m.s.f.DefaultMavenResourcesFiltering - skip non existing resourceDirectory C:\Users\kisho\OneDrive\Desktop\SpringPractice\Spring\src\test\resources
2025-10-04 18:16:05,100 [Worker-83: Building] INFO  o.a.m.s.f.DefaultMavenResourcesFiltering - Copying 1 resource from src\main\resources to target\classes
2025-10-04 18:16:05,126 [Worker-83: Building] INFO  o.a.m.s.f.DefaultMavenResourcesFiltering - Copying 0 resource from src\main\resources to target\classes
2025-10-04 18:16:05,131 [Worker-83: Building] INFO  o.a.m.s.f.DefaultMavenResourcesFiltering - skip non existing resourceDirectory C:\Users\kisho\OneDrive\Desktop\SpringPractice\Spring\src\test\resources
2025-10-04 18:16:19,211 [Worker-83: Launching Application] INFO  o.a.m.s.f.DefaultMavenResourcesFiltering - Copying 1 resource from src\main\resources to target\classes
2025-10-04 18:16:19,222 [Worker-83: Launching Application] INFO  o.a.m.s.f.DefaultMavenResourcesFiltering - Copying 0 resource from src\main\resources to target\classes
2025-10-04 18:16:19,226 [Worker-83: Launching Application] INFO  o.a.m.s.f.DefaultMavenResourcesFiltering - skip non existing resourceDirectory C:\Users\kisho\OneDrive\Desktop\SpringPractice\Spring\src\test\resources
2025-10-04 21:23:34,037 [Worker-103: Launching Application] INFO  o.a.m.s.f.DefaultMavenResourcesFiltering - Copying 1 resource from src\main\resources to target\classes
2025-10-04 21:23:34,061 [Worker-103: Launching Application] INFO  o.a.m.s.f.DefaultMavenResourcesFiltering - Copying 0 resource from src\main\resources to target\classes
2025-10-04 21:23:34,067 [Worker-103: Launching Application] INFO  o.a.m.s.f.DefaultMavenResourcesFiltering - skip non existing resourceDirectory C:\Users\kisho\OneDrive\Desktop\SpringPractice\Spring\src\test\resources
2025-10-04 21:26:59,061 [Worker-107: Building] INFO  o.a.m.s.f.DefaultMavenResourcesFiltering - Copying 1 resource from src\main\resources to target\classes
2025-10-04 21:26:59,089 [Worker-107: Building] INFO  o.a.m.s.f.DefaultMavenResourcesFiltering - Copying 0 resource from src\main\resources to target\classes
2025-10-04 21:26:59,095 [Worker-107: Building] INFO  o.a.m.s.f.DefaultMavenResourcesFiltering - skip non existing resourceDirectory C:\Users\kisho\OneDrive\Desktop\SpringPractice\Spring\src\test\resources
2025-10-04 21:56:42,376 [Worker-112: Building] INFO  o.a.m.s.f.DefaultMavenResourcesFiltering - Copying 1 resource from src\main\resources to target\classes
2025-10-04 21:56:42,388 [Worker-112: Building] INFO  o.a.m.s.f.DefaultMavenResourcesFiltering - Copying 0 resource from src\main\resources to target\classes
2025-10-04 21:56:42,393 [Worker-112: Building] INFO  o.a.m.s.f.DefaultMavenResourcesFiltering - skip non existing resourceDirectory C:\Users\kisho\OneDrive\Desktop\SpringPractice\Spring\src\test\resources
2025-10-04 21:59:07,497 [Worker-113: Building] INFO  o.a.m.s.f.DefaultMavenResourcesFiltering - Copying 1 resource from src\main\resources to target\classes
2025-10-04 21:59:07,512 [Worker-113: Building] INFO  o.a.m.s.f.DefaultMavenResourcesFiltering - Copying 0 resource from src\main\resources to target\classes
2025-10-04 21:59:07,519 [Worker-113: Building] INFO  o.a.m.s.f.DefaultMavenResourcesFiltering - skip non existing resourceDirectory C:\Users\kisho\OneDrive\Desktop\SpringPractice\Spring\src\test\resources
2025-10-04 22:08:28,768 [Worker-113: Building] INFO  o.a.m.s.f.DefaultMavenResourcesFiltering - Copying 1 resource from src\main\resources to target\classes
2025-10-04 22:08:28,783 [Worker-113: Building] INFO  o.a.m.s.f.DefaultMavenResourcesFiltering - Copying 0 resource from src\main\resources to target\classes
2025-10-04 22:08:28,788 [Worker-113: Building] INFO  o.a.m.s.f.DefaultMavenResourcesFiltering - skip non existing resourceDirectory C:\Users\kisho\OneDrive\Desktop\SpringPractice\Spring\src\test\resources
2025-10-04 22:35:08,607 [Worker-113: Launching Application] INFO  o.a.m.s.f.DefaultMavenResourcesFiltering - Copying 1 resource from src\main\resources to target\classes
2025-10-04 22:35:08,626 [Worker-113: Launching Application] INFO  o.a.m.s.f.DefaultMavenResourcesFiltering - Copying 0 resource from src\main\resources to target\classes
2025-10-04 22:35:08,637 [Worker-113: Launching Application] INFO  o.a.m.s.f.DefaultMavenResourcesFiltering - skip non existing resourceDirectory C:\Users\kisho\OneDrive\Desktop\SpringPractice\Spring\src\test\resources
2025-10-04 22:52:08,708 [Worker-123: Building] INFO  o.a.m.s.f.DefaultMavenResourcesFiltering - Copying 1 resource from src\main\resources to target\classes
2025-10-04 22:52:08,728 [Worker-123: Building] INFO  o.a.m.s.f.DefaultMavenResourcesFiltering - Copying 0 resource from src\main\resources to target\classes
2025-10-04 22:52:08,734 [Worker-123: Building] INFO  o.a.m.s.f.DefaultMavenResourcesFiltering - skip non existing resourceDirectory C:\Users\kisho\OneDrive\Desktop\SpringPractice\Spring\src\test\resources
2025-10-04 22:59:17,187 [Worker-126: Building] INFO  o.e.m.c.i.l.LifecycleMappingFactory - Using org.eclipse.m2e.jdt.JarLifecycleMapping lifecycle mapping for MavenProject: com.springboot-practice:Spring:0.0.1-SNAPSHOT @ C:\Users\kisho\OneDrive\Desktop\SpringPractice\Spring\pom.xml.
2025-10-04 22:59:18,957 [Worker-126: Building] INFO  o.a.m.s.f.DefaultMavenResourcesFiltering - Copying 0 resource from src\main\resources to target\classes
2025-10-04 22:59:18,959 [Worker-126: Building] INFO  o.a.m.s.f.DefaultMavenResourcesFiltering - Copying 0 resource from src\main\resources to target\classes
2025-10-04 22:59:18,967 [Worker-126: Building] INFO  o.a.m.s.f.DefaultMavenResourcesFiltering - skip non existing resourceDirectory C:\Users\kisho\OneDrive\Desktop\SpringPractice\Spring\src\test\resources
2025-10-04 22:59:20,440 [Worker-126: Building] INFO  o.a.m.s.f.DefaultMavenResourcesFiltering - Copying 1 resource from src\main\resources to target\classes
2025-10-04 22:59:20,465 [Worker-126: Building] INFO  o.a.m.s.f.DefaultMavenResourcesFiltering - Copying 0 resource from src\main\resources to target\classes
2025-10-04 22:59:20,470 [Worker-126: Building] INFO  o.a.m.s.f.DefaultMavenResourcesFiltering - skip non existing resourceDirectory C:\Users\kisho\OneDrive\Desktop\SpringPractice\Spring\src\test\resources
2025-10-04 23:00:36,030 [Worker-129: Building] INFO  o.a.m.s.f.DefaultMavenResourcesFiltering - Copying 1 resource from src\main\resources to target\classes
2025-10-04 23:00:36,043 [Worker-129: Building] INFO  o.a.m.s.f.DefaultMavenResourcesFiltering - Copying 0 resource from src\main\resources to target\classes
2025-10-04 23:00:36,049 [Worker-129: Building] INFO  o.a.m.s.f.DefaultMavenResourcesFiltering - skip non existing resourceDirectory C:\Users\kisho\OneDrive\Desktop\SpringPractice\Spring\src\test\resources
2025-10-04 23:10:48,995 [Worker-126: Building] INFO  o.a.m.s.f.DefaultMavenResourcesFiltering - Copying 1 resource from src\main\resources to target\classes
2025-10-04 23:10:49,015 [Worker-126: Building] INFO  o.a.m.s.f.DefaultMavenResourcesFiltering - Copying 0 resource from src\main\resources to target\classes
2025-10-04 23:10:49,020 [Worker-126: Building] INFO  o.a.m.s.f.DefaultMavenResourcesFiltering - skip non existing resourceDirectory C:\Users\kisho\OneDrive\Desktop\SpringPractice\Spring\src\test\resources
2025-10-04 23:11:10,380 [Worker-125: Building] INFO  o.a.m.s.f.DefaultMavenResourcesFiltering - Copying 1 resource from src\main\resources to target\classes
2025-10-04 23:11:10,395 [Worker-125: Building] INFO  o.a.m.s.f.DefaultMavenResourcesFiltering - Copying 0 resource from src\main\resources to target\classes
2025-10-04 23:11:10,400 [Worker-125: Building] INFO  o.a.m.s.f.DefaultMavenResourcesFiltering - skip non existing resourceDirectory C:\Users\kisho\OneDrive\Desktop\SpringPractice\Spring\src\test\resources
2025-10-04 23:33:53,187 [Worker-136: Building] INFO  o.a.m.s.f.DefaultMavenResourcesFiltering - Copying 1 resource from src\main\resources to target\classes
2025-10-04 23:33:53,199 [Worker-136: Building] INFO  o.a.m.s.f.DefaultMavenResourcesFiltering - Copying 0 resource from src\main\resources to target\classes
2025-10-04 23:33:53,205 [Worker-136: Building] INFO  o.a.m.s.f.DefaultMavenResourcesFiltering - skip non existing resourceDirectory C:\Users\kisho\OneDrive\Desktop\SpringPractice\Spring\src\test\resources
2025-10-04 23:38:56,836 [Worker-137: Building] INFO  o.a.m.s.f.DefaultMavenResourcesFiltering - Copying 1 resource from src\main\resources to target\classes
2025-10-04 23:38:56,851 [Worker-137: Building] INFO  o.a.m.s.f.DefaultMavenResourcesFiltering - Copying 0 resource from src\main\resources to target\classes
2025-10-04 23:38:56,856 [Worker-137: Building] INFO  o.a.m.s.f.DefaultMavenResourcesFiltering - skip non existing resourceDirectory C:\Users\kisho\OneDrive\Desktop\SpringPractice\Spring\src\test\resources
2025-10-04 23:39:47,874 [Worker-141: Building] INFO  o.a.m.s.f.DefaultMavenResourcesFiltering - Copying 1 resource from src\main\resources to target\classes
2025-10-04 23:39:47,884 [Worker-141: Building] INFO  o.a.m.s.f.DefaultMavenResourcesFiltering - Copying 0 resource from src\main\resources to target\classes
2025-10-04 23:39:47,890 [Worker-141: Building] INFO  o.a.m.s.f.DefaultMavenResourcesFiltering - skip non existing resourceDirectory C:\Users\kisho\OneDrive\Desktop\SpringPractice\Spring\src\test\resources
2025-10-05 09:30:20,092 [Worker-7: Loading available Gradle versions] INFO  o.e.b.c.i.u.g.PublishedGradleVersions - Gradle version information cache is up-to-date. Trying to read.
2025-10-05 10:44:53,613 [Worker-32: Building] INFO  o.a.m.s.f.DefaultMavenResourcesFiltering - Copying 1 resource from src\main\resources to target\classes
2025-10-05 10:44:53,636 [Worker-32: Building] INFO  o.a.m.s.f.DefaultMavenResourcesFiltering - Copying 0 resource from src\main\resources to target\classes
2025-10-05 10:44:53,641 [Worker-32: Building] INFO  o.a.m.s.f.DefaultMavenResourcesFiltering - skip non existing resourceDirectory C:\Users\kisho\OneDrive\Desktop\SpringPractice\Spring\src\test\resources
2025-10-05 11:03:42,082 [Worker-35: Building] INFO  o.a.m.s.f.DefaultMavenResourcesFiltering - Copying 1 resource from src\main\resources to target\classes
2025-10-05 11:03:42,097 [Worker-35: Building] INFO  o.a.m.s.f.DefaultMavenResourcesFiltering - Copying 0 resource from src\main\resources to target\classes
2025-10-05 11:03:42,103 [Worker-35: Building] INFO  o.a.m.s.f.DefaultMavenResourcesFiltering - skip non existing resourceDirectory C:\Users\kisho\OneDrive\Desktop\SpringPractice\Spring\src\test\resources
2025-10-05 11:23:47,717 [Worker-44: Launching Application] INFO  o.a.m.s.f.DefaultMavenResourcesFiltering - Copying 1 resource from src\main\resources to target\classes
2025-10-05 11:23:47,729 [Worker-44: Launching Application] INFO  o.a.m.s.f.DefaultMavenResourcesFiltering - Copying 0 resource from src\main\resources to target\classes
2025-10-05 11:23:47,735 [Worker-44: Launching Application] INFO  o.a.m.s.f.DefaultMavenResourcesFiltering - skip non existing resourceDirectory C:\Users\kisho\OneDrive\Desktop\SpringPractice\Spring\src\test\resources
2025-10-05 11:24:50,844 [Worker-49: Launching Application] INFO  o.a.m.s.f.DefaultMavenResourcesFiltering - Copying 1 resource from src\main\resources to target\classes
2025-10-05 11:24:50,853 [Worker-49: Launching Application] INFO  o.a.m.s.f.DefaultMavenResourcesFiltering - Copying 0 resource from src\main\resources to target\classes
2025-10-05 11:24:50,857 [Worker-49: Launching Application] INFO  o.a.m.s.f.DefaultMavenResourcesFiltering - skip non existing resourceDirectory C:\Users\kisho\OneDrive\Desktop\SpringPractice\Spring\src\test\resources
2025-10-05 11:26:30,745 [Worker-47: Launching Application] INFO  o.a.m.s.f.DefaultMavenResourcesFiltering - Copying 1 resource from src\main\resources to target\classes
2025-10-05 11:26:30,753 [Worker-47: Launching Application] INFO  o.a.m.s.f.DefaultMavenResourcesFiltering - Copying 0 resource from src\main\resources to target\classes
2025-10-05 11:26:30,758 [Worker-47: Launching Application] INFO  o.a.m.s.f.DefaultMavenResourcesFiltering - skip non existing resourceDirectory C:\Users\kisho\OneDrive\Desktop\SpringPractice\Spring\src\test\resources
